Archive member included to satisfy reference by file (symbol)

c:/programdata/gcc-arm-none-eabi-10.3-2021.10/bin/../lib/gcc/arm-none-eabi/10.3.1/thumb/v7e-m/nofp\libgcc.a(_arm_muldf3.o)
                              CMakeFiles/AD7606test.elf.dir/Core/Src/TFTc/TFT_CAD.c.obj (__aeabi_dmul)
c:/programdata/gcc-arm-none-eabi-10.3-2021.10/bin/../lib/gcc/arm-none-eabi/10.3.1/thumb/v7e-m/nofp\libgcc.a(_arm_mulsf3.o)
                              CMakeFiles/AD7606test.elf.dir/Core/Src/TFTc/TFT_CAD.c.obj (__aeabi_fmul)
c:/programdata/gcc-arm-none-eabi-10.3-2021.10/bin/../lib/gcc/arm-none-eabi/10.3.1/thumb/v7e-m/nofp\libgcc.a(_arm_addsubdf3.o)
                              CMakeFiles/AD7606test.elf.dir/Core/Src/TFTc/TFT_CAD.c.obj (__aeabi_i2d)
c:/programdata/gcc-arm-none-eabi-10.3-2021.10/bin/../lib/gcc/arm-none-eabi/10.3.1/thumb/v7e-m/nofp\libgcc.a(_arm_muldivdf3.o)
                              CMakeFiles/AD7606test.elf.dir/Core/Src/tdc.c.obj (__aeabi_ddiv)
c:/programdata/gcc-arm-none-eabi-10.3-2021.10/bin/../lib/gcc/arm-none-eabi/10.3.1/thumb/v7e-m/nofp\libgcc.a(_arm_fixunsdfsi.o)
                              CMakeFiles/AD7606test.elf.dir/Core/Src/TFTc/TFT_CAD.c.obj (__aeabi_d2uiz)
c:/programdata/gcc-arm-none-eabi-10.3-2021.10/bin/../lib/gcc/arm-none-eabi/10.3.1/thumb/v7e-m/nofp\libgcc.a(_arm_truncdfsf2.o)
                              CMakeFiles/AD7606test.elf.dir/Core/Src/tdc.c.obj (__aeabi_d2f)
c:/programdata/gcc-arm-none-eabi-10.3-2021.10/bin/../lib/gcc/arm-none-eabi/10.3.1/thumb/v7e-m/nofp\libgcc.a(_arm_addsubsf3.o)
                              CMakeFiles/AD7606test.elf.dir/Core/Src/TFTc/TFT_CAD.c.obj (__aeabi_fsub)
c:/programdata/gcc-arm-none-eabi-10.3-2021.10/bin/../lib/gcc/arm-none-eabi/10.3.1/thumb/v7e-m/nofp\libgcc.a(_arm_muldivsf3.o)
                              CMakeFiles/AD7606test.elf.dir/Core/Src/TFTc/TFT_CAD.c.obj (__aeabi_fdiv)
c:/programdata/gcc-arm-none-eabi-10.3-2021.10/bin/../lib/gcc/arm-none-eabi/10.3.1/thumb/v7e-m/nofp\libgcc.a(_arm_fixunssfsi.o)
                              CMakeFiles/AD7606test.elf.dir/Core/Src/TFTc/TFT_CAD.c.obj (__aeabi_f2uiz)
c:/programdata/gcc-arm-none-eabi-10.3-2021.10/bin/../lib/gcc/arm-none-eabi/10.3.1/thumb/v7e-m/nofp\libgcc.a(_aeabi_uldivmod.o)
                              CMakeFiles/AD7606test.elf.dir/Drivers/STM32H7xx_HAL_Driver/Src/stm32h7xx_hal_uart.c.obj (__aeabi_uldivmod)
c:/programdata/gcc-arm-none-eabi-10.3-2021.10/bin/../lib/gcc/arm-none-eabi/10.3.1/thumb/v7e-m/nofp\libgcc.a(_udivmoddi4.o)
                              c:/programdata/gcc-arm-none-eabi-10.3-2021.10/bin/../lib/gcc/arm-none-eabi/10.3.1/thumb/v7e-m/nofp\libgcc.a(_aeabi_uldivmod.o) (__udivmoddi4)
c:/programdata/gcc-arm-none-eabi-10.3-2021.10/bin/../lib/gcc/arm-none-eabi/10.3.1/thumb/v7e-m/nofp\libgcc.a(_dvmd_tls.o)
                              c:/programdata/gcc-arm-none-eabi-10.3-2021.10/bin/../lib/gcc/arm-none-eabi/10.3.1/thumb/v7e-m/nofp\libgcc.a(_aeabi_uldivmod.o) (__aeabi_ldiv0)
c:/programdata/gcc-arm-none-eabi-10.3-2021.10/bin/../lib/gcc/arm-none-eabi/10.3.1/../../../../arm-none-eabi/lib/thumb/v7e-m/nofp\libg.a(lib_a-errno.o)
                              CMakeFiles/AD7606test.elf.dir/Core/Src/syscalls.c.obj (__errno)
c:/programdata/gcc-arm-none-eabi-10.3-2021.10/bin/../lib/gcc/arm-none-eabi/10.3.1/../../../../arm-none-eabi/lib/thumb/v7e-m/nofp\libg.a(lib_a-exit.o)
                              c:/programdata/gcc-arm-none-eabi-10.3-2021.10/bin/../lib/gcc/arm-none-eabi/10.3.1/../../../../arm-none-eabi/lib/thumb/v7e-m/nofp/crt0.o (exit)
c:/programdata/gcc-arm-none-eabi-10.3-2021.10/bin/../lib/gcc/arm-none-eabi/10.3.1/../../../../arm-none-eabi/lib/thumb/v7e-m/nofp\libg.a(lib_a-impure.o)
                              c:/programdata/gcc-arm-none-eabi-10.3-2021.10/bin/../lib/gcc/arm-none-eabi/10.3.1/../../../../arm-none-eabi/lib/thumb/v7e-m/nofp\libg.a(lib_a-exit.o) (_global_impure_ptr)
c:/programdata/gcc-arm-none-eabi-10.3-2021.10/bin/../lib/gcc/arm-none-eabi/10.3.1/../../../../arm-none-eabi/lib/thumb/v7e-m/nofp\libg.a(lib_a-init.o)
                              c:/programdata/gcc-arm-none-eabi-10.3-2021.10/bin/../lib/gcc/arm-none-eabi/10.3.1/../../../../arm-none-eabi/lib/thumb/v7e-m/nofp/crt0.o (__libc_init_array)
c:/programdata/gcc-arm-none-eabi-10.3-2021.10/bin/../lib/gcc/arm-none-eabi/10.3.1/../../../../arm-none-eabi/lib/thumb/v7e-m/nofp\libg.a(lib_a-malloc.o)
                              CMakeFiles/AD7606test.elf.dir/Core/Src/TFTc/TFT_io.c.obj (malloc)
c:/programdata/gcc-arm-none-eabi-10.3-2021.10/bin/../lib/gcc/arm-none-eabi/10.3.1/../../../../arm-none-eabi/lib/thumb/v7e-m/nofp\libg.a(lib_a-mallocr.o)
                              c:/programdata/gcc-arm-none-eabi-10.3-2021.10/bin/../lib/gcc/arm-none-eabi/10.3.1/../../../../arm-none-eabi/lib/thumb/v7e-m/nofp\libg.a(lib_a-malloc.o) (_malloc_r)
c:/programdata/gcc-arm-none-eabi-10.3-2021.10/bin/../lib/gcc/arm-none-eabi/10.3.1/../../../../arm-none-eabi/lib/thumb/v7e-m/nofp\libg.a(lib_a-memset.o)
[...]
Memory Configuration

Name             Origin             Length             Attributes
FLASH            0x08000000         0x00200000         xr
DTCMRAM          0x20000000         0x00020000         xrw
RAM_D1           0x24000000         0x00080000         xrw
RAM_D2           0x30000000         0x00048000         xrw
RAM_D3           0x38000000         0x00010000         xrw
ITCMRAM          0x00000000         0x00010000         xrw
*default*        0x00000000         0xffffffff

Linker script and memory map

LOAD c:/programdata/gcc-arm-none-eabi-10.3-2021.10/bin/../lib/gcc/arm-none-eabi/10.3.1/thumb/v7e-m/nofp/crti.o
LOAD c:/programdata/gcc-arm-none-eabi-10.3-2021.10/bin/../lib/gcc/arm-none-eabi/10.3.1/thumb/v7e-m/nofp/crtbegin.o
LOAD c:/programdata/gcc-arm-none-eabi-10.3-2021.10/bin/../lib/gcc/arm-none-eabi/10.3.1/../../../../arm-none-eabi/lib/thumb/v7e-m/nofp/crt0.o
LOAD CMakeFiles/AD7606test.elf.dir/Core/Src/TFTc/TFT_CAD.c.obj
LOAD CMakeFiles/AD7606test.elf.dir/Core/Src/TFTc/TFT_init.c.obj
LOAD CMakeFiles/AD7606test.elf.dir/Core/Src/TFTc/TFT_io.c.obj
LOAD CMakeFiles/AD7606test.elf.dir/Core/Src/TFTc/TFT_text.c.obj
LOAD CMakeFiles/AD7606test.elf.dir/Core/Src/TFTc/font.c.obj
LOAD CMakeFiles/AD7606test.elf.dir/Core/Src/dma.c.obj
LOAD CMakeFiles/AD7606test.elf.dir/Core/Src/gpio.c.obj
LOAD CMakeFiles/AD7606test.elf.dir/Core/Src/main.c.obj
LOAD CMakeFiles/AD7606test.elf.dir/Core/Src/memorymap.c.obj
LOAD CMakeFiles/AD7606test.elf.dir/Core/Src/mytdc.c.obj
LOAD CMakeFiles/AD7606test.elf.dir/Core/Src/spi.c.obj
LOAD CMakeFiles/AD7606test.elf.dir/Core/Src/stm32h7xx_hal_msp.c.obj
LOAD CMakeFiles/AD7606test.elf.dir/Core/Src/stm32h7xx_it.c.obj
LOAD CMakeFiles/AD7606test.elf.dir/Core/Src/syscalls.c.obj
LOAD CMakeFiles/AD7606test.elf.dir/Core/Src/sysmem.c.obj
LOAD CMakeFiles/AD7606test.elf.dir/Core/Src/system_stm32h7xx.c.obj
LOAD CMakeFiles/AD7606test.elf.dir/Core/Src/tdc.c.obj
LOAD CMakeFiles/AD7606test.elf.dir/Core/Src/tim.c.obj
LOAD CMakeFiles/AD7606test.elf.dir/Core/Src/usart.c.obj
LOAD CMakeFiles/AD7606test.elf.dir/Core/Startup/startup_stm32h743vitx.s.obj
LOAD CMakeFiles/AD7606test.elf.dir/Drivers/STM32H7xx_HAL_Driver/Src/stm32h7xx_hal.c.obj
LOAD CMakeFiles/AD7606test.elf.dir/Drivers/STM32H7xx_HAL_Driver/Src/stm32h7xx_hal_cortex.c.obj
LOAD CMakeFiles/AD7606test.elf.dir/Drivers/STM32H7xx_HAL_Driver/Src/stm32h7xx_hal_dma.c.obj
LOAD CMakeFiles/AD7606test.elf.dir/Drivers/STM32H7xx_HAL_Driver/Src/stm32h7xx_hal_dma_ex.c.obj
LOAD CMakeFiles/AD7606test.elf.dir/Drivers/STM32H7xx_HAL_Driver/Src/stm32h7xx_hal_exti.c.obj
LOAD CMakeFiles/AD7606test.elf.dir/Drivers/STM32H7xx_HAL_Driver/Src/stm32h7xx_hal_flash.c.obj
LOAD CMakeFiles/AD7606test.elf.dir/Drivers/STM32H7xx_HAL_Driver/Src/stm32h7xx_hal_flash_ex.c.obj
LOAD CMakeFiles/AD7606test.elf.dir/Drivers/STM32H7xx_HAL_Driver/Src/stm32h7xx_hal_gpio.c.obj
LOAD CMakeFiles/AD7606test.elf.dir/Drivers/STM32H7xx_HAL_Driver/Src/stm32h7xx_hal_hsem.c.obj
LOAD CMakeFiles/AD7606test.elf.dir/Drivers/STM32H7xx_HAL_Driver/Src/stm32h7xx_hal_i2c.c.obj
LOAD CMakeFiles/AD7606test.elf.dir/Drivers/STM32H7xx_HAL_Driver/Src/stm32h7xx_hal_i2c_ex.c.obj
LOAD CMakeFiles/AD7606test.elf.dir/Drivers/STM32H7xx_HAL_Driver/Src/stm32h7xx_hal_mdma.c.obj
LOAD CMakeFiles/AD7606test.elf.dir/Drivers/STM32H7xx_HAL_Driver/Src/stm32h7xx_hal_pwr.c.obj
LOAD CMakeFiles/AD7606test.elf.dir/Drivers/STM32H7xx_HAL_Driver/Src/stm32h7xx_hal_pwr_ex.c.obj
LOAD CMakeFiles/AD7606test.elf.dir/Drivers/STM32H7xx_HAL_Driver/Src/stm32h7xx_hal_rcc.c.obj
LOAD CMakeFiles/AD7606test.elf.dir/Drivers/STM32H7xx_HAL_Driver/Src/stm32h7xx_hal_rcc_ex.c.obj
LOAD CMakeFiles/AD7606test.elf.dir/Drivers/STM32H7xx_HAL_Driver/Src/stm32h7xx_hal_spi.c.obj
LOAD CMakeFiles/AD7606test.elf.dir/Drivers/STM32H7xx_HAL_Driver/Src/stm32h7xx_hal_spi_ex.c.obj
LOAD CMakeFiles/AD7606test.elf.dir/Drivers/STM32H7xx_HAL_Driver/Src/stm32h7xx_hal_tim.c.obj
LOAD CMakeFiles/AD7606test.elf.dir/Drivers/STM32H7xx_HAL_Driver/Src/stm32h7xx_hal_tim_ex.c.obj
LOAD CMakeFiles/AD7606test.elf.dir/Drivers/STM32H7xx_HAL_Driver/Src/stm32h7xx_hal_uart.c.obj
LOAD CMakeFiles/AD7606test.elf.dir/Drivers/STM32H7xx_HAL_Driver/Src/stm32h7xx_hal_uart_ex.c.obj
START GROUP
LOAD c:/programdata/gcc-arm-none-eabi-10.3-2021.10/bin/../lib/gcc/arm-none-eabi/10.3.1/thumb/v7e-m/nofp\libgcc.a
LOAD c:/programdata/gcc-arm-none-eabi-10.3-2021.10/bin/../lib/gcc/arm-none-eabi/10.3.1/../../../../arm-none-eabi/lib/thumb/v7e-m/nofp\libg.a
LOAD c:/programdata/gcc-arm-none-eabi-10.3-2021.10/bin/../lib/gcc/arm-none-eabi/10.3.1/../../../../arm-none-eabi/lib/thumb/v7e-m/nofp\libc.a
END GROUP
LOAD c:/programdata/gcc-arm-none-eabi-10.3-2021.10/bin/../lib/gcc/arm-none-eabi/10.3.1/thumb/v7e-m/nofp/crtend.o
LOAD c:/programdata/gcc-arm-none-eabi-10.3-2021.10/bin/../lib/gcc/arm-none-eabi/10.3.1/thumb/v7e-m/nofp/crtn.o
                0x24080000                _estack = (ORIGIN (RAM_D1) + LENGTH (RAM_D1))
                0x00000200                _Min_Heap_Size = 0x200
                0x00000400                _Min_Stack_Size = 0x400

.isr_vector     0x08000000      0x298
                0x08000000                . = ALIGN (0x4)
 *(.isr_vector)
 .isr_vector    0x08000000      0x298 CMakeFiles/AD7606test.elf.dir/Core/Startup/startup_stm32h743vitx.s.obj
                0x08000000                g_pfnVectors
                0x08000298                . = ALIGN (0x4)

.text           0x080002c0     0xdb24
                0x080002c0                . = ALIGN (0x4)
 *(.text)
 .text          0x080002c0       0x40 c:/programdata/gcc-arm-none-eabi-10.3-2021.10/bin/../lib/gcc/arm-none-eabi/10.3.1/thumb/v7e-m/nofp/crtbegin.o
 .text          0x08000300      0x378 c:/programdata/gcc-arm-none-eabi-10.3-2021.10/bin/../lib/gcc/arm-none-eabi/10.3.1/thumb/v7e-m/nofp\libgcc.a(_arm_addsubdf3.o)
                0x08000300                __aeabi_drsub
                0x08000308                __aeabi_dsub
                0x08000308                __subdf3
                0x0800030c                __aeabi_dadd
                0x0800030c                __adddf3
                0x08000584                __floatunsidf
                0x08000584                __aeabi_ui2d
                0x080005a4                __floatsidf
                0x080005a4                __aeabi_i2d
                0x080005c8                __aeabi_f2d
                0x080005c8                __extendsfdf2
                0x0800060c                __floatundidf
                0x0800060c                __aeabi_ul2d
                0x0800061c                __floatdidf
                0x0800061c                __aeabi_l2d
 .text          0x08000678      0x424 c:/programdata/gcc-arm-none-eabi-10.3-2021.10/bin/../lib/gcc/arm-none-eabi/10.3.1/thumb/v7e-m/nofp\libgcc.a(_arm_muldivdf3.o)
                0x08000678                __aeabi_dmul
                0x08000678                __muldf3
                0x080008cc                __divdf3
                0x080008cc                __aeabi_ddiv
 .text          0x08000a9c       0xa0 c:/programdata/gcc-arm-none-eabi-10.3-2021.10/bin/../lib/gcc/arm-none-eabi/10.3.1/thumb/v7e-m/nofp\libgcc.a(_arm_truncdfsf2.o)
                0x08000a9c                __truncdfsf2
                0x08000a9c                __aeabi_d2f
 .text          0x08000b3c      0x21c c:/programdata/gcc-arm-none-eabi-10.3-2021.10/bin/../lib/gcc/arm-none-eabi/10.3.1/thumb/v7e-m/nofp\libgcc.a(_arm_addsubsf3.o)
                0x08000b3c                __aeabi_frsub
                0x08000b44                __subsf3
                0x08000b44                __aeabi_fsub
                0x08000b48                __aeabi_fadd
                0x08000b48                __addsf3
                0x08000ca8                __aeabi_ui2f
                0x08000ca8                __floatunsisf
                0x08000cb0                __aeabi_i2f
                0x08000cb0                __floatsisf
                0x08000ccc                __aeabi_ul2f
                0x08000ccc                __floatundisf
                0x08000cdc                __aeabi_l2f
                0x08000cdc                __floatdisf
 .text          0x08000d58      0x2a0 c:/programdata/gcc-arm-none-eabi-10.3-2021.10/bin/../lib/gcc/arm-none-eabi/10.3.1/thumb/v7e-m/nofp\libgcc.a(_arm_muldivsf3.o)
                0x08000d58                __mulsf3
                0x08000d58                __aeabi_fmul
                0x08000ec0                __aeabi_fdiv
                0x08000ec0                __divsf3
 .text          0x08000ff8       0x40 c:/programdata/gcc-arm-none-eabi-10.3-2021.10/bin/../lib/gcc/arm-none-eabi/10.3.1/thumb/v7e-m/nofp\libgcc.a(_arm_fixunssfsi.o)
                0x08000ff8                __fixunssfsi
                0x08000ff8                __aeabi_f2uiz
 .text          0x08001038       0x30 c:/programdata/gcc-arm-none-eabi-10.3-2021.10/bin/../lib/gcc/arm-none-eabi/10.3.1/thumb/v7e-m/nofp\libgcc.a(_aeabi_uldivmod.o)
                0x08001038                __aeabi_uldivmod
 .text          0x08001068      0x2d0 c:/programdata/gcc-arm-none-eabi-10.3-2021.10/bin/../lib/gcc/arm-none-eabi/10.3.1/thumb/v7e-m/nofp\libgcc.a(_udivmoddi4.o)
                0x08001068                __udivmoddi4
 .text          0x08001338        0x4 c:/programdata/gcc-arm-none-eabi-10.3-2021.10/bin/../lib/gcc/arm-none-eabi/10.3.1/thumb/v7e-m/nofp\libgcc.a(_dvmd_tls.o)
                0x08001338                __aeabi_idiv0
                0x08001338                __aeabi_ldiv0
 *fill*         0x0800133c        0x4 
 .text          0x08001340       0xa0 c:/programdata/gcc-arm-none-eabi-10.3-2021.10/bin/../lib/gcc/arm-none-eabi/10.3.1/../../../../arm-none-eabi/lib/thumb/v7e-m/nofp\libg.a(lib_a-memchr.o)
                0x08001340                memchr
 .text          0x080013e0      0x134 c:/programdata/gcc-arm-none-eabi-10.3-2021.10/bin/../lib/gcc/arm-none-eabi/10.3.1/../../../../arm-none-eabi/lib/thumb/v7e-m/nofp\libg.a(lib_a-memcpy.o)
                0x080013e0                memcpy
 *fill*         0x08001514       0x2c 
 .text          0x08001540       0xdc c:/programdata/gcc-arm-none-eabi-10.3-2021.10/bin/../lib/gcc/arm-none-eabi/10.3.1/../../../../arm-none-eabi/lib/thumb/v7e-m/nofp\libg.a(lib_a-strlen.o)
                0x08001540                strlen
 .text          0x0800161c      0x110 c:/programdata/gcc-arm-none-eabi-10.3-2021.10/bin/../lib/gcc/arm-none-eabi/10.3.1/thumb/v7e-m/nofp\libgcc.a(_arm_cmpdf2.o)
                0x0800161c                __gtdf2
                0x0800161c                __gedf2
                0x08001624                __ltdf2
                0x08001624                __ledf2
                0x0800162c                __nedf2
                0x0800162c                __eqdf2
                0x0800162c                __cmpdf2
                0x080016a8                __aeabi_cdrcmple
                0x080016b8                __aeabi_cdcmpeq
                0x080016b8                __aeabi_cdcmple
                0x080016c8                __aeabi_dcmpeq
                0x080016dc                __aeabi_dcmplt
                0x080016f0                __aeabi_dcmple
                0x08001704                __aeabi_dcmpge
                0x08001718                __aeabi_dcmpgt
 .text          0x0800172c       0x2c c:/programdata/gcc-arm-none-eabi-10.3-2021.10/bin/../lib/gcc/arm-none-eabi/10.3.1/thumb/v7e-m/nofp\libgcc.a(_arm_unorddf2.o)
                0x0800172c                __unorddf2
                0x0800172c                __aeabi_dcmpun
 .text          0x08001758       0x50 c:/programdata/gcc-arm-none-eabi-10.3-2021.10/bin/../lib/gcc/arm-none-eabi/10.3.1/thumb/v7e-m/nofp\libgcc.a(_arm_fixdfsi.o)
                0x08001758                __aeabi_d2iz
                0x08001758                __fixdfsi
 *(.text*)
 .text.TFT_Fill_Area
                0x080017a8       0x56 CMakeFiles/AD7606test.elf.dir/Core/Src/TFTc/TFT_CAD.c.obj
                0x080017a8                TFT_Fill_Area
 .text.TFT_Set_Direction
                0x080017fe       0x4a CMakeFiles/AD7606test.elf.dir/Core/Src/TFTc/TFT_init.c.obj
 .text.TFT_Init_ST7789v3
                0x08001848      0x238 CMakeFiles/AD7606test.elf.dir/Core/Src/TFTc/TFT_init.c.obj
                0x08001848                TFT_Init_ST7789v3
 .text.TFT_Register_Device
                0x08001a80       0x28 CMakeFiles/AD7606test.elf.dir/Core/Src/TFTc/TFT_io.c.obj
 .text.TFT_Wait_DMA_Transfer_Complete
                0x08001aa8       0x14 CMakeFiles/AD7606test.elf.dir/Core/Src/TFTc/TFT_io.c.obj
 .text.TFT_Init_Instance
                0x08001abc       0x26 CMakeFiles/AD7606test.elf.dir/Core/Src/TFTc/TFT_io.c.obj
                0x08001abc                TFT_Init_Instance
 .text.TFT_Config_Pins
                0x08001ae2       0x18 CMakeFiles/AD7606test.elf.dir/Core/Src/TFTc/TFT_io.c.obj
                0x08001ae2                TFT_Config_Pins
 .text.TFT_Config_Display
                0x08001afa        0xe CMakeFiles/AD7606test.elf.dir/Core/Src/TFTc/TFT_io.c.obj
                0x08001afa                TFT_Config_Display
 .text.TFT_Pin_RES_Set
                0x08001b08        0xe CMakeFiles/AD7606test.elf.dir/Core/Src/TFTc/TFT_io.c.obj
                0x08001b08                TFT_Pin_RES_Set
 .text.TFT_Pin_DC_Set
                0x08001b16        0xe CMakeFiles/AD7606test.elf.dir/Core/Src/TFTc/TFT_io.c.obj
                0x08001b16                TFT_Pin_DC_Set
 .text.TFT_Pin_CS_Set
                0x08001b24        0xe CMakeFiles/AD7606test.elf.dir/Core/Src/TFTc/TFT_io.c.obj
                0x08001b24                TFT_Pin_CS_Set
 .text.TFT_Pin_BLK_Set
                0x08001b32        0xe CMakeFiles/AD7606test.elf.dir/Core/Src/TFTc/TFT_io.c.obj
                0x08001b32                TFT_Pin_BLK_Set
 .text.TFT_Platform_SPI_Transmit_Blocking
                0x08001b40        0x8 CMakeFiles/AD7606test.elf.dir/Core/Src/TFTc/TFT_io.c.obj
                0x08001b40                TFT_Platform_SPI_Transmit_Blocking
 .text.TFT_Platform_SPI_Transmit_DMA_Start
                0x08001b48        0x8 CMakeFiles/AD7606test.elf.dir/Core/Src/TFTc/TFT_io.c.obj
                0x08001b48                TFT_Platform_SPI_Transmit_DMA_Start
 .text.TFT_SPI_Send
                0x08001b50       0x72 CMakeFiles/AD7606test.elf.dir/Core/Src/TFTc/TFT_io.c.obj
                0x08001b50                TFT_SPI_Send
 .text.TFT_Flush_Buffer
                0x08001bc2       0x1e CMakeFiles/AD7606test.elf.dir/Core/Src/TFTc/TFT_io.c.obj
                0x08001bc2                TFT_Flush_Buffer
 .text.TFT_Buffer_Write16
                0x08001be0       0x38 CMakeFiles/AD7606test.elf.dir/Core/Src/TFTc/TFT_io.c.obj
                0x08001be0                TFT_Buffer_Write16
 .text.TFT_Reset_Buffer
                0x08001c18        0x8 CMakeFiles/AD7606test.elf.dir/Core/Src/TFTc/TFT_io.c.obj
                0x08001c18                TFT_Reset_Buffer
 .text.TFT_IO_Init
                0x08001c20       0x42 CMakeFiles/AD7606test.elf.dir/Core/Src/TFTc/TFT_io.c.obj
                0x08001c20                TFT_IO_Init
 .text.TFT_Write_Data8
                0x08001c62       0x40 CMakeFiles/AD7606test.elf.dir/Core/Src/TFTc/TFT_io.c.obj
                0x08001c62                TFT_Write_Data8
 .text.TFT_Write_Data16
                0x08001ca2       0x46 CMakeFiles/AD7606test.elf.dir/Core/Src/TFTc/TFT_io.c.obj
                0x08001ca2                TFT_Write_Data16
 .text.TFT_Write_Command
                0x08001ce8       0x42 CMakeFiles/AD7606test.elf.dir/Core/Src/TFTc/TFT_io.c.obj
                0x08001ce8                TFT_Write_Command
 .text.TFT_Set_Address
                0x08001d2a       0xc0 CMakeFiles/AD7606test.elf.dir/Core/Src/TFTc/TFT_io.c.obj
                0x08001d2a                TFT_Set_Address
 *fill*         0x08001dea        0x2 
 .text.HAL_SPI_TxCpltCallback
                0x08001dec       0x40 CMakeFiles/AD7606test.elf.dir/Core/Src/TFTc/TFT_io.c.obj
                0x08001dec                HAL_SPI_TxCpltCallback
 .text._TFT_Draw_Glyph
                0x08001e2c       0xc0 CMakeFiles/AD7606test.elf.dir/Core/Src/TFTc/TFT_text.c.obj
 .text.TFT_Show_Char
                0x08001eec       0x74 CMakeFiles/AD7606test.elf.dir/Core/Src/TFTc/TFT_text.c.obj
                0x08001eec                TFT_Show_Char
 .text.TFT_Show_String
                0x08001f60       0x70 CMakeFiles/AD7606test.elf.dir/Core/Src/TFTc/TFT_text.c.obj
                0x08001f60                TFT_Show_String
 .text.MX_DMA_Init
                0x08001fd0       0x38 CMakeFiles/AD7606test.elf.dir/Core/Src/dma.c.obj
                0x08001fd0                MX_DMA_Init
 .text.MX_GPIO_Init
                0x08002008      0x138 CMakeFiles/AD7606test.elf.dir/Core/Src/gpio.c.obj
                0x08002008                MX_GPIO_Init
 .text.MPU_Config
                0x08002140       0x52 CMakeFiles/AD7606test.elf.dir/Core/Src/main.c.obj
 *fill*         0x08002192        0x2 
 .text.TFT_Demo_Init
                0x08002194       0x60 CMakeFiles/AD7606test.elf.dir/Core/Src/main.c.obj
                0x08002194                TFT_Demo_Init
 .text.Error_Handler
                0x080021f4        0x4 CMakeFiles/AD7606test.elf.dir/Core/Src/main.c.obj
                0x080021f4                Error_Handler
 .text.SystemClock_Config
                0x080021f8       0xc4 CMakeFiles/AD7606test.elf.dir/Core/Src/main.c.obj
                0x080021f8                SystemClock_Config
 .text.main     0x080022bc       0xe4 CMakeFiles/AD7606test.elf.dir/Core/Src/main.c.obj
                0x080022bc                main
 .text.MX_SPI2_Init
                0x080023a0       0x60 CMakeFiles/AD7606test.elf.dir/Core/Src/spi.c.obj
                0x080023a0                MX_SPI2_Init
 .text.MX_SPI3_Init
                0x08002400       0x60 CMakeFiles/AD7606test.elf.dir/Core/Src/spi.c.obj
                0x08002400                MX_SPI3_Init
 .text.HAL_SPI_MspInit
                0x08002460      0x194 CMakeFiles/AD7606test.elf.dir/Core/Src/spi.c.obj
                0x08002460                HAL_SPI_MspInit
 .text.HAL_MspInit
                0x080025f4       0x24 CMakeFiles/AD7606test.elf.dir/Core/Src/stm32h7xx_hal_msp.c.obj
                0x080025f4                HAL_MspInit
 .text.NMI_Handler
                0x08002618        0x2 CMakeFiles/AD7606test.elf.dir/Core/Src/stm32h7xx_it.c.obj
                0x08002618                NMI_Handler
 .text.HardFault_Handler
                0x0800261a        0x2 CMakeFiles/AD7606test.elf.dir/Core/Src/stm32h7xx_it.c.obj
                0x0800261a                HardFault_Handler
 .text.MemManage_Handler
                0x0800261c        0x2 CMakeFiles/AD7606test.elf.dir/Core/Src/stm32h7xx_it.c.obj
                0x0800261c                MemManage_Handler
 .text.BusFault_Handler
                0x0800261e        0x2 CMakeFiles/AD7606test.elf.dir/Core/Src/stm32h7xx_it.c.obj
                0x0800261e                BusFault_Handler
 .text.UsageFault_Handler
                0x08002620        0x2 CMakeFiles/AD7606test.elf.dir/Core/Src/stm32h7xx_it.c.obj
                0x08002620                UsageFault_Handler
 .text.SVC_Handler
                0x08002622        0x2 CMakeFiles/AD7606test.elf.dir/Core/Src/stm32h7xx_it.c.obj
                0x08002622                SVC_Handler
 .text.DebugMon_Handler
                0x08002624        0x2 CMakeFiles/AD7606test.elf.dir/Core/Src/stm32h7xx_it.c.obj
                0x08002624                DebugMon_Handler
 .text.PendSV_Handler
                0x08002626        0x2 CMakeFiles/AD7606test.elf.dir/Core/Src/stm32h7xx_it.c.obj
                0x08002626                PendSV_Handler
 .text.SysTick_Handler
                0x08002628        0x8 CMakeFiles/AD7606test.elf.dir/Core/Src/stm32h7xx_it.c.obj
                0x08002628                SysTick_Handler
 .text.DMA1_Stream0_IRQHandler
                0x08002630       0x10 CMakeFiles/AD7606test.elf.dir/Core/Src/stm32h7xx_it.c.obj
                0x08002630                DMA1_Stream0_IRQHandler
 .text.TIM4_IRQHandler
                0x08002640       0x10 CMakeFiles/AD7606test.elf.dir/Core/Src/stm32h7xx_it.c.obj
                0x08002640                TIM4_IRQHandler
 .text.SPI3_IRQHandler
                0x08002650       0x10 CMakeFiles/AD7606test.elf.dir/Core/Src/stm32h7xx_it.c.obj
                0x08002650                SPI3_IRQHandler
 .text._getpid  0x08002660        0x4 CMakeFiles/AD7606test.elf.dir/Core/Src/syscalls.c.obj
                0x08002660                _getpid
 .text._kill    0x08002664       0x10 CMakeFiles/AD7606test.elf.dir/Core/Src/syscalls.c.obj
                0x08002664                _kill
 .text._exit    0x08002674        0xc CMakeFiles/AD7606test.elf.dir/Core/Src/syscalls.c.obj
                0x08002674                _exit
 .text._read    0x08002680       0x20 CMakeFiles/AD7606test.elf.dir/Core/Src/syscalls.c.obj
                0x08002680                _read
 .text._write   0x080026a0       0x1c CMakeFiles/AD7606test.elf.dir/Core/Src/syscalls.c.obj
                0x080026a0                _write
 .text._close   0x080026bc        0x6 CMakeFiles/AD7606test.elf.dir/Core/Src/syscalls.c.obj
                0x080026bc                _close
 .text._fstat   0x080026c2        0xa CMakeFiles/AD7606test.elf.dir/Core/Src/syscalls.c.obj
                0x080026c2                _fstat
 .text._isatty  0x080026cc        0x4 CMakeFiles/AD7606test.elf.dir/Core/Src/syscalls.c.obj
                0x080026cc                _isatty
 .text._lseek   0x080026d0        0x4 CMakeFiles/AD7606test.elf.dir/Core/Src/syscalls.c.obj
                0x080026d0                _lseek
 .text._sbrk    0x080026d4       0x48 CMakeFiles/AD7606test.elf.dir/Core/Src/sysmem.c.obj
                0x080026d4                _sbrk
 .text.SystemInit
                0x0800271c       0xe0 CMakeFiles/AD7606test.elf.dir/Core/Src/system_stm32h7xx.c.obj
                0x0800271c                SystemInit
 .text.ExitRun0Mode
                0x080027fc       0x1c CMakeFiles/AD7606test.elf.dir/Core/Src/system_stm32h7xx.c.obj
                0x080027fc                ExitRun0Mode
 .text.delay    0x08002818       0x1e CMakeFiles/AD7606test.elf.dir/Core/Src/tdc.c.obj
                0x08002818                delay
 *fill*         0x08002836        0x2 
 .text.send1    0x08002838       0x40 CMakeFiles/AD7606test.elf.dir/Core/Src/tdc.c.obj
                0x08002838                send1
 .text.send0    0x08002878       0x40 CMakeFiles/AD7606test.elf.dir/Core/Src/tdc.c.obj
                0x08002878                send0
 .text.write8   0x080028b8       0x38 CMakeFiles/AD7606test.elf.dir/Core/Src/tdc.c.obj
                0x080028b8                write8
 .text.write32  0x080028f0       0x4c CMakeFiles/AD7606test.elf.dir/Core/Src/tdc.c.obj
                0x080028f0                write32
 .text.read32   0x0800293c       0x80 CMakeFiles/AD7606test.elf.dir/Core/Src/tdc.c.obj
                0x0800293c                read32
 .text.reset    0x080029bc       0x40 CMakeFiles/AD7606test.elf.dir/Core/Src/tdc.c.obj
                0x080029bc                reset
 .text.TDC_Init
                0x080029fc       0x90 CMakeFiles/AD7606test.elf.dir/Core/Src/tdc.c.obj
                0x080029fc                TDC_Init
 .text.fixed2float
                0x08002a8c       0x24 CMakeFiles/AD7606test.elf.dir/Core/Src/tdc.c.obj
                0x08002a8c                fixed2float
 .text.TDC_to_ns
                0x08002ab0       0x28 CMakeFiles/AD7606test.elf.dir/Core/Src/tdc.c.obj
                0x08002ab0                TDC_to_ns
 .text.TDC_Measure
                0x08002ad8       0x84 CMakeFiles/AD7606test.elf.dir/Core/Src/tdc.c.obj
                0x08002ad8                TDC_Measure
 .text.MX_TIM4_Init
                0x08002b5c       0x7c CMakeFiles/AD7606test.elf.dir/Core/Src/tim.c.obj
                0x08002b5c                MX_TIM4_Init
 .text.HAL_TIM_OC_MspInit
                0x08002bd8       0x48 CMakeFiles/AD7606test.elf.dir/Core/Src/tim.c.obj
                0x08002bd8                HAL_TIM_OC_MspInit
 .text.MX_USART1_UART_Init
                0x08002c20       0x6c CMakeFiles/AD7606test.elf.dir/Core/Src/usart.c.obj
                0x08002c20                MX_USART1_UART_Init
 .text.HAL_UART_MspInit
                0x08002c8c       0x98 CMakeFiles/AD7606test.elf.dir/Core/Src/usart.c.obj
                0x08002c8c                HAL_UART_MspInit
 .text.Reset_Handler
                0x08002d24       0x54 CMakeFiles/AD7606test.elf.dir/Core/Startup/startup_stm32h743vitx.s.obj
                0x08002d24                Reset_Handler
 .text.Default_Handler
                0x08002d78        0x2 CMakeFiles/AD7606test.elf.dir/Core/Startup/startup_stm32h743vitx.s.obj
                0x08002d78                RTC_Alarm_IRQHandler
                0x08002d78                EXTI2_IRQHandler
                0x08002d78                TIM8_CC_IRQHandler
                0x08002d78                HRTIM1_Master_IRQHandler
                0x08002d78                UART8_IRQHandler
                0x08002d78                SPI4_IRQHandler
                0x08002d78                TIM1_CC_IRQHandler
                0x08002d78                BDMA_Channel6_IRQHandler
                0x08002d78                DMA2_Stream5_IRQHandler
                0x08002d78                HRTIM1_FLT_IRQHandler
                0x08002d78                JPEG_IRQHandler
                0x08002d78                DMA1_Stream5_IRQHandler
                0x08002d78                BDMA_Channel1_IRQHandler
                0x08002d78                HRTIM1_TIMD_IRQHandler
                0x08002d78                TAMP_STAMP_IRQHandler
                0x08002d78                EXTI3_IRQHandler
                0x08002d78                LPTIM4_IRQHandler
                0x08002d78                TIM8_TRG_COM_TIM14_IRQHandler
                0x08002d78                LPTIM2_IRQHandler
                0x08002d78                DFSDM1_FLT1_IRQHandler
                0x08002d78                DMAMUX2_OVR_IRQHandler
                0x08002d78                TIM8_UP_TIM13_IRQHandler
                0x08002d78                I2C3_ER_IRQHandler
                0x08002d78                DFSDM1_FLT2_IRQHandler
                0x08002d78                MDMA_IRQHandler
                0x08002d78                LPTIM3_IRQHandler
                0x08002d78                HSEM1_IRQHandler
                0x08002d78                EXTI0_IRQHandler
                0x08002d78                I2C2_EV_IRQHandler
                0x08002d78                DMA1_Stream2_IRQHandler
                0x08002d78                FPU_IRQHandler
                0x08002d78                OTG_HS_WKUP_IRQHandler
                0x08002d78                FDCAN1_IT1_IRQHandler
                0x08002d78                LTDC_ER_IRQHandler
                0x08002d78                DMA2_Stream2_IRQHandler
                0x08002d78                HRTIM1_TIME_IRQHandler
                0x08002d78                SPI1_IRQHandler
                0x08002d78                TIM6_DAC_IRQHandler
                0x08002d78                DCMI_IRQHandler
                0x08002d78                HRTIM1_TIMC_IRQHandler
                0x08002d78                DMA2_Stream3_IRQHandler
                0x08002d78                SAI2_IRQHandler
                0x08002d78                DFSDM1_FLT3_IRQHandler
                0x08002d78                USART6_IRQHandler
                0x08002d78                TIM17_IRQHandler
                0x08002d78                USART3_IRQHandler
                0x08002d78                BDMA_Channel7_IRQHandler
                0x08002d78                LPTIM5_IRQHandler
                0x08002d78                UART5_IRQHandler
                0x08002d78                ADC3_IRQHandler
                0x08002d78                DMA2_Stream0_IRQHandler
                0x08002d78                BDMA_Channel2_IRQHandler
                0x08002d78                QUADSPI_IRQHandler
                0x08002d78                I2C1_EV_IRQHandler
                0x08002d78                DMA1_Stream6_IRQHandler
                0x08002d78                DMAMUX1_OVR_IRQHandler
                0x08002d78                DMA1_Stream1_IRQHandler
                0x08002d78                TIM16_IRQHandler
                0x08002d78                UART4_IRQHandler
                0x08002d78                BDMA_Channel5_IRQHandler
                0x08002d78                TIM3_IRQHandler
                0x08002d78                RCC_IRQHandler
                0x08002d78                TIM8_BRK_TIM12_IRQHandler
                0x08002d78                TIM1_TRG_COM_IRQHandler
                0x08002d78                Default_Handler
                0x08002d78                ECC_IRQHandler
                0x08002d78                CEC_IRQHandler
                0x08002d78                EXTI15_10_IRQHandler
                0x08002d78                BDMA_Channel0_IRQHandler
                0x08002d78                ADC_IRQHandler
                0x08002d78                DMA1_Stream7_IRQHandler
                0x08002d78                HRTIM1_TIMA_IRQHandler
                0x08002d78                SPI5_IRQHandler
                0x08002d78                TIM7_IRQHandler
                0x08002d78                SDMMC1_IRQHandler
                0x08002d78                TIM5_IRQHandler
                0x08002d78                DMA2_Stream7_IRQHandler
                0x08002d78                TIM15_IRQHandler
                0x08002d78                PVD_AVD_IRQHandler
                0x08002d78                I2C3_EV_IRQHandler
                0x08002d78                EXTI9_5_IRQHandler
                0x08002d78                RTC_WKUP_IRQHandler
                0x08002d78                LTDC_IRQHandler
                0x08002d78                SAI3_IRQHandler
                0x08002d78                ETH_WKUP_IRQHandler
                0x08002d78                SPDIF_RX_IRQHandler
                0x08002d78                SPI2_IRQHandler
                0x08002d78                OTG_HS_EP1_IN_IRQHandler
                0x08002d78                CRS_IRQHandler
                0x08002d78                EXTI4_IRQHandler
                0x08002d78                RNG_IRQHandler
                0x08002d78                HRTIM1_TIMB_IRQHandler
                0x08002d78                FDCAN2_IT1_IRQHandler
                0x08002d78                ETH_IRQHandler
                0x08002d78                TIM1_UP_IRQHandler
                0x08002d78                BDMA_Channel4_IRQHandler
                0x08002d78                OTG_HS_EP1_OUT_IRQHandler
                0x08002d78                WWDG_IRQHandler
                0x08002d78                SPI6_IRQHandler
                0x08002d78                MDIOS_IRQHandler
                0x08002d78                I2C4_EV_IRQHandler
                0x08002d78                FDCAN2_IT0_IRQHandler
                0x08002d78                LPUART1_IRQHandler
                0x08002d78                FDCAN1_IT0_IRQHandler
                0x08002d78                TIM2_IRQHandler
                0x08002d78                OTG_FS_WKUP_IRQHandler
                0x08002d78                OTG_HS_IRQHandler
                0x08002d78                DMA2D_IRQHandler
                0x08002d78                TIM1_BRK_IRQHandler
                0x08002d78                EXTI1_IRQHandler
                0x08002d78                SDMMC2_IRQHandler
                0x08002d78                OTG_FS_EP1_OUT_IRQHandler
                0x08002d78                BDMA_Channel3_IRQHandler
                0x08002d78                UART7_IRQHandler
                0x08002d78                MDIOS_WKUP_IRQHandler
                0x08002d78                USART2_IRQHandler
                0x08002d78                DFSDM1_FLT0_IRQHandler
                0x08002d78                SAI4_IRQHandler
                0x08002d78                I2C2_ER_IRQHandler
                0x08002d78                DMA2_Stream1_IRQHandler
                0x08002d78                FLASH_IRQHandler
                0x08002d78                DMA2_Stream4_IRQHandler
                0x08002d78                USART1_IRQHandler
                0x08002d78                OTG_FS_IRQHandler
                0x08002d78                WAKEUP_PIN_IRQHandler
                0x08002d78                DMA1_Stream4_IRQHandler
                0x08002d78                OTG_FS_EP1_IN_IRQHandler
                0x08002d78                I2C1_ER_IRQHandler
                0x08002d78                FMC_IRQHandler
                0x08002d78                FDCAN_CAL_IRQHandler
                0x08002d78                SWPMI1_IRQHandler
                0x08002d78                COMP1_IRQHandler
                0x08002d78                LPTIM1_IRQHandler
                0x08002d78                I2C4_ER_IRQHandler
                0x08002d78                DMA2_Stream6_IRQHandler
                0x08002d78                SAI1_IRQHandler
                0x08002d78                DMA1_Stream3_IRQHandler
 *fill*         0x08002d7a        0x2 
 .text.HAL_InitTick
                0x08002d7c       0x50 CMakeFiles/AD7606test.elf.dir/Drivers/STM32H7xx_HAL_Driver/Src/stm32h7xx_hal.c.obj
                0x08002d7c                HAL_InitTick
 .text.HAL_Init
                0x08002dcc       0x5c CMakeFiles/AD7606test.elf.dir/Drivers/STM32H7xx_HAL_Driver/Src/stm32h7xx_hal.c.obj
                0x08002dcc                HAL_Init
 .text.HAL_IncTick
                0x08002e28       0x18 CMakeFiles/AD7606test.elf.dir/Drivers/STM32H7xx_HAL_Driver/Src/stm32h7xx_hal.c.obj
                0x08002e28                HAL_IncTick
 .text.HAL_GetTick
                0x08002e40        0xc CMakeFiles/AD7606test.elf.dir/Drivers/STM32H7xx_HAL_Driver/Src/stm32h7xx_hal.c.obj
                0x08002e40                HAL_GetTick
 .text.HAL_Delay
                0x08002e4c       0x28 CMakeFiles/AD7606test.elf.dir/Drivers/STM32H7xx_HAL_Driver/Src/stm32h7xx_hal.c.obj
                0x08002e4c                HAL_Delay
 .text.HAL_GetREVID
                0x08002e74        0xc CMakeFiles/AD7606test.elf.dir/Drivers/STM32H7xx_HAL_Driver/Src/stm32h7xx_hal.c.obj
                0x08002e74                HAL_GetREVID
 .text.HAL_NVIC_SetPriorityGrouping
                0x08002e80       0x24 CMakeFiles/AD7606test.elf.dir/Drivers/STM32H7xx_HAL_Driver/Src/stm32h7xx_hal_cortex.c.obj
                0x08002e80                HAL_NVIC_SetPriorityGrouping
 .text.HAL_NVIC_SetPriority
                0x08002ea4       0x6c CMakeFiles/AD7606test.elf.dir/Drivers/STM32H7xx_HAL_Driver/Src/stm32h7xx_hal_cortex.c.obj
                0x08002ea4                HAL_NVIC_SetPriority
 .text.HAL_NVIC_EnableIRQ
                0x08002f10       0x1c CMakeFiles/AD7606test.elf.dir/Drivers/STM32H7xx_HAL_Driver/Src/stm32h7xx_hal_cortex.c.obj
                0x08002f10                HAL_NVIC_EnableIRQ
 .text.HAL_SYSTICK_Config
                0x08002f2c       0x28 CMakeFiles/AD7606test.elf.dir/Drivers/STM32H7xx_HAL_Driver/Src/stm32h7xx_hal_cortex.c.obj
                0x08002f2c                HAL_SYSTICK_Config
 .text.HAL_MPU_Disable
                0x08002f54       0x1c CMakeFiles/AD7606test.elf.dir/Drivers/STM32H7xx_HAL_Driver/Src/stm32h7xx_hal_cortex.c.obj
                0x08002f54                HAL_MPU_Disable
 .text.HAL_MPU_Enable
                0x08002f70       0x20 CMakeFiles/AD7606test.elf.dir/Drivers/STM32H7xx_HAL_Driver/Src/stm32h7xx_hal_cortex.c.obj
                0x08002f70                HAL_MPU_Enable
 .text.HAL_MPU_ConfigRegion
                0x08002f90       0x58 CMakeFiles/AD7606test.elf.dir/Drivers/STM32H7xx_HAL_Driver/Src/stm32h7xx_hal_cortex.c.obj
                0x08002f90                HAL_MPU_ConfigRegion
 .text.DMA_SetConfig
                0x08002fe8      0x1b4 CMakeFiles/AD7606test.elf.dir/Drivers/STM32H7xx_HAL_Driver/Src/stm32h7xx_hal_dma.c.obj
 .text.DMA_CalcBaseAndBitshift
                0x0800319c       0xb4 CMakeFiles/AD7606test.elf.dir/Drivers/STM32H7xx_HAL_Driver/Src/stm32h7xx_hal_dma.c.obj
 .text.DMA_CheckFifoParam
                0x08003250       0x92 CMakeFiles/AD7606test.elf.dir/Drivers/STM32H7xx_HAL_Driver/Src/stm32h7xx_hal_dma.c.obj
 *fill*         0x080032e2        0x2 
 .text.DMA_CalcDMAMUXChannelBaseAndMask
                0x080032e4       0xb0 CMakeFiles/AD7606test.elf.dir/Drivers/STM32H7xx_HAL_Driver/Src/stm32h7xx_hal_dma.c.obj
 .text.DMA_CalcDMAMUXRequestGenBaseAndMask
                0x08003394       0x7c CMakeFiles/AD7606test.elf.dir/Drivers/STM32H7xx_HAL_Driver/Src/stm32h7xx_hal_dma.c.obj
 .text.HAL_DMA_Init
                0x08003410      0x3a4 CMakeFiles/AD7606test.elf.dir/Drivers/STM32H7xx_HAL_Driver/Src/stm32h7xx_hal_dma.c.obj
                0x08003410                HAL_DMA_Init
 .text.HAL_DMA_Start_IT
                0x080037b4      0x298 CMakeFiles/AD7606test.elf.dir/Drivers/STM32H7xx_HAL_Driver/Src/stm32h7xx_hal_dma.c.obj
                0x080037b4                HAL_DMA_Start_IT
 .text.HAL_DMA_Abort_IT
                0x08003a4c      0x270 CMakeFiles/AD7606test.elf.dir/Drivers/STM32H7xx_HAL_Driver/Src/stm32h7xx_hal_dma.c.obj
                0x08003a4c                HAL_DMA_Abort_IT
 .text.HAL_DMA_IRQHandler
                0x08003cbc      0x738 CMakeFiles/AD7606test.elf.dir/Drivers/STM32H7xx_HAL_Driver/Src/stm32h7xx_hal_dma.c.obj
                0x08003cbc                HAL_DMA_IRQHandler
 .text.HAL_DMA_GetError
                0x080043f4        0x4 CMakeFiles/AD7606test.elf.dir/Drivers/STM32H7xx_HAL_Driver/Src/stm32h7xx_hal_dma.c.obj
                0x080043f4                HAL_DMA_GetError
 .text.HAL_GPIO_Init
                0x080043f8      0x228 CMakeFiles/AD7606test.elf.dir/Drivers/STM32H7xx_HAL_Driver/Src/stm32h7xx_hal_gpio.c.obj
                0x080043f8                HAL_GPIO_Init
 .text.HAL_GPIO_ReadPin
                0x08004620        0xe CMakeFiles/AD7606test.elf.dir/Drivers/STM32H7xx_HAL_Driver/Src/stm32h7xx_hal_gpio.c.obj
                0x08004620                HAL_GPIO_ReadPin
 .text.HAL_GPIO_WritePin
                0x0800462e        0xc CMakeFiles/AD7606test.elf.dir/Drivers/STM32H7xx_HAL_Driver/Src/stm32h7xx_hal_gpio.c.obj
                0x0800462e                HAL_GPIO_WritePin
 *fill*         0x0800463a        0x2 
 .text.HAL_PWREx_ConfigSupply
                0x0800463c       0x54 CMakeFiles/AD7606test.elf.dir/Drivers/STM32H7xx_HAL_Driver/Src/stm32h7xx_hal_pwr_ex.c.obj
                0x0800463c                HAL_PWREx_ConfigSupply
 .text.HAL_RCC_OscConfig
                0x08004690      0x6b4 CMakeFiles/AD7606test.elf.dir/Drivers/STM32H7xx_HAL_Driver/Src/stm32h7xx_hal_rcc.c.obj
                0x08004690                HAL_RCC_OscConfig
 .text.HAL_RCC_GetSysClockFreq
                0x08004d44      0x218 CMakeFiles/AD7606test.elf.dir/Drivers/STM32H7xx_HAL_Driver/Src/stm32h7xx_hal_rcc.c.obj
                0x08004d44                HAL_RCC_GetSysClockFreq
 .text.HAL_RCC_ClockConfig
                0x08004f5c      0x294 CMakeFiles/AD7606test.elf.dir/Drivers/STM32H7xx_HAL_Driver/Src/stm32h7xx_hal_rcc.c.obj
                0x08004f5c                HAL_RCC_ClockConfig
 .text.HAL_RCC_GetHCLKFreq
                0x080051f0       0x44 CMakeFiles/AD7606test.elf.dir/Drivers/STM32H7xx_HAL_Driver/Src/stm32h7xx_hal_rcc.c.obj
                0x080051f0                HAL_RCC_GetHCLKFreq
 .text.HAL_RCC_GetPCLK1Freq
                0x08005234       0x24 CMakeFiles/AD7606test.elf.dir/Drivers/STM32H7xx_HAL_Driver/Src/stm32h7xx_hal_rcc.c.obj
                0x08005234                HAL_RCC_GetPCLK1Freq
 .text.HAL_RCC_GetPCLK2Freq
                0x08005258       0x24 CMakeFiles/AD7606test.elf.dir/Drivers/STM32H7xx_HAL_Driver/Src/stm32h7xx_hal_rcc.c.obj
                0x08005258                HAL_RCC_GetPCLK2Freq
 .text.RCCEx_PLL2_Config
                0x0800527c      0x10c CMakeFiles/AD7606test.elf.dir/Drivers/STM32H7xx_HAL_Driver/Src/stm32h7xx_hal_rcc_ex.c.obj
 .text.RCCEx_PLL3_Config
                0x08005388      0x10c CMakeFiles/AD7606test.elf.dir/Drivers/STM32H7xx_HAL_Driver/Src/stm32h7xx_hal_rcc_ex.c.obj
 .text.HAL_RCCEx_PeriphCLKConfig
                0x08005494      0xa8c CMakeFiles/AD7606test.elf.dir/Drivers/STM32H7xx_HAL_Driver/Src/stm32h7xx_hal_rcc_ex.c.obj
                0x08005494                HAL_RCCEx_PeriphCLKConfig
 .text.HAL_RCCEx_GetD3PCLK1Freq
                0x08005f20       0x24 CMakeFiles/AD7606test.elf.dir/Drivers/STM32H7xx_HAL_Driver/Src/stm32h7xx_hal_rcc_ex.c.obj
                0x08005f20                HAL_RCCEx_GetD3PCLK1Freq
 .text.HAL_RCCEx_GetPLL2ClockFreq
                0x08005f44      0x234 CMakeFiles/AD7606test.elf.dir/Drivers/STM32H7xx_HAL_Driver/Src/stm32h7xx_hal_rcc_ex.c.obj
                0x08005f44                HAL_RCCEx_GetPLL2ClockFreq
 .text.HAL_RCCEx_GetPLL3ClockFreq
                0x08006178      0x234 CMakeFiles/AD7606test.elf.dir/Drivers/STM32H7xx_HAL_Driver/Src/stm32h7xx_hal_rcc_ex.c.obj
                0x08006178                HAL_RCCEx_GetPLL3ClockFreq
 .text.SPI_CloseTransfer
                0x080063ac       0xcc CMakeFiles/AD7606test.elf.dir/Drivers/STM32H7xx_HAL_Driver/Src/stm32h7xx_hal_spi.c.obj
 .text.SPI_GetPacketSize
                0x08006478       0x10 CMakeFiles/AD7606test.elf.dir/Drivers/STM32H7xx_HAL_Driver/Src/stm32h7xx_hal_spi.c.obj
 .text.SPI_WaitOnFlagUntilTimeout
                0x08006488       0x46 CMakeFiles/AD7606test.elf.dir/Drivers/STM32H7xx_HAL_Driver/Src/stm32h7xx_hal_spi.c.obj
 *fill*         0x080064ce        0x2 
 .text.HAL_SPI_Init
                0x080064d0      0x190 CMakeFiles/AD7606test.elf.dir/Drivers/STM32H7xx_HAL_Driver/Src/stm32h7xx_hal_spi.c.obj
                0x080064d0                HAL_SPI_Init
 .text.HAL_SPI_Transmit
                0x08006660      0x2c4 CMakeFiles/AD7606test.elf.dir/Drivers/STM32H7xx_HAL_Driver/Src/stm32h7xx_hal_spi.c.obj
                0x08006660                HAL_SPI_Transmit
 .text.HAL_SPI_Transmit_DMA
                0x08006924      0x1c0 CMakeFiles/AD7606test.elf.dir/Drivers/STM32H7xx_HAL_Driver/Src/stm32h7xx_hal_spi.c.obj
                0x08006924                HAL_SPI_Transmit_DMA
 .text.SPI_DMATransmitCplt
                0x08006ae4       0x2a CMakeFiles/AD7606test.elf.dir/Drivers/STM32H7xx_HAL_Driver/Src/stm32h7xx_hal_spi.c.obj
 .text.HAL_SPI_RxCpltCallback
                0x08006b0e        0x2 CMakeFiles/AD7606test.elf.dir/Drivers/STM32H7xx_HAL_Driver/Src/stm32h7xx_hal_spi.c.obj
                0x08006b0e                HAL_SPI_RxCpltCallback
 .text.HAL_SPI_TxRxCpltCallback
                0x08006b10        0x2 CMakeFiles/AD7606test.elf.dir/Drivers/STM32H7xx_HAL_Driver/Src/stm32h7xx_hal_spi.c.obj
                0x08006b10                HAL_SPI_TxRxCpltCallback
 .text.HAL_SPI_TxHalfCpltCallback
                0x08006b12        0x2 CMakeFiles/AD7606test.elf.dir/Drivers/STM32H7xx_HAL_Driver/Src/stm32h7xx_hal_spi.c.obj
                0x08006b12                HAL_SPI_TxHalfCpltCallback
 .text.SPI_DMAHalfTransmitCplt
                0x08006b14        0xa CMakeFiles/AD7606test.elf.dir/Drivers/STM32H7xx_HAL_Driver/Src/stm32h7xx_hal_spi.c.obj
 .text.HAL_SPI_ErrorCallback
                0x08006b1e        0x2 CMakeFiles/AD7606test.elf.dir/Drivers/STM32H7xx_HAL_Driver/Src/stm32h7xx_hal_spi.c.obj
                0x08006b1e                HAL_SPI_ErrorCallback
 .text.SPI_DMAError
                0x08006b20       0x2e CMakeFiles/AD7606test.elf.dir/Drivers/STM32H7xx_HAL_Driver/Src/stm32h7xx_hal_spi.c.obj
 .text.SPI_DMAAbortOnError
                0x08006b4e       0x1a CMakeFiles/AD7606test.elf.dir/Drivers/STM32H7xx_HAL_Driver/Src/stm32h7xx_hal_spi.c.obj
 .text.HAL_SPI_SuspendCallback
                0x08006b68        0x2 CMakeFiles/AD7606test.elf.dir/Drivers/STM32H7xx_HAL_Driver/Src/stm32h7xx_hal_spi.c.obj
                0x08006b68                HAL_SPI_SuspendCallback
 *fill*         0x08006b6a        0x2 
 .text.HAL_SPI_IRQHandler
                0x08006b6c      0x240 CMakeFiles/AD7606test.elf.dir/Drivers/STM32H7xx_HAL_Driver/Src/stm32h7xx_hal_spi.c.obj
                0x08006b6c                HAL_SPI_IRQHandler
 .text.TIM_OC1_SetConfig
                0x08006dac       0xa8 CMakeFiles/AD7606test.elf.dir/Drivers/STM32H7xx_HAL_Driver/Src/stm32h7xx_hal_tim.c.obj
 .text.TIM_OC3_SetConfig
                0x08006e54       0x94 CMakeFiles/AD7606test.elf.dir/Drivers/STM32H7xx_HAL_Driver/Src/stm32h7xx_hal_tim.c.obj
 .text.TIM_OC4_SetConfig
                0x08006ee8       0x74 CMakeFiles/AD7606test.elf.dir/Drivers/STM32H7xx_HAL_Driver/Src/stm32h7xx_hal_tim.c.obj
 .text.TIM_OC5_SetConfig
                0x08006f5c       0x74 CMakeFiles/AD7606test.elf.dir/Drivers/STM32H7xx_HAL_Driver/Src/stm32h7xx_hal_tim.c.obj
 .text.TIM_OC6_SetConfig
                0x08006fd0       0x74 CMakeFiles/AD7606test.elf.dir/Drivers/STM32H7xx_HAL_Driver/Src/stm32h7xx_hal_tim.c.obj
 .text.HAL_TIM_PeriodElapsedCallback
                0x08007044        0x2 CMakeFiles/AD7606test.elf.dir/Drivers/STM32H7xx_HAL_Driver/Src/stm32h7xx_hal_tim.c.obj
                0x08007044                HAL_TIM_PeriodElapsedCallback
 .text.HAL_TIM_OC_DelayElapsedCallback
                0x08007046        0x2 CMakeFiles/AD7606test.elf.dir/Drivers/STM32H7xx_HAL_Driver/Src/stm32h7xx_hal_tim.c.obj
                0x08007046                HAL_TIM_OC_DelayElapsedCallback
 .text.HAL_TIM_IC_CaptureCallback
                0x08007048        0x2 CMakeFiles/AD7606test.elf.dir/Drivers/STM32H7xx_HAL_Driver/Src/stm32h7xx_hal_tim.c.obj
                0x08007048                HAL_TIM_IC_CaptureCallback
 .text.HAL_TIM_PWM_PulseFinishedCallback
                0x0800704a        0x2 CMakeFiles/AD7606test.elf.dir/Drivers/STM32H7xx_HAL_Driver/Src/stm32h7xx_hal_tim.c.obj
                0x0800704a                HAL_TIM_PWM_PulseFinishedCallback
 .text.HAL_TIM_TriggerCallback
                0x0800704c        0x2 CMakeFiles/AD7606test.elf.dir/Drivers/STM32H7xx_HAL_Driver/Src/stm32h7xx_hal_tim.c.obj
                0x0800704c                HAL_TIM_TriggerCallback
 .text.HAL_TIM_IRQHandler
                0x0800704e      0x17a CMakeFiles/AD7606test.elf.dir/Drivers/STM32H7xx_HAL_Driver/Src/stm32h7xx_hal_tim.c.obj
                0x0800704e                HAL_TIM_IRQHandler
 .text.TIM_Base_SetConfig
                0x080071c8      0x104 CMakeFiles/AD7606test.elf.dir/Drivers/STM32H7xx_HAL_Driver/Src/stm32h7xx_hal_tim.c.obj
                0x080071c8                TIM_Base_SetConfig
 .text.HAL_TIM_OC_Init
                0x080072cc       0x60 CMakeFiles/AD7606test.elf.dir/Drivers/STM32H7xx_HAL_Driver/Src/stm32h7xx_hal_tim.c.obj
                0x080072cc                HAL_TIM_OC_Init
 .text.TIM_OC2_SetConfig
                0x0800732c       0x94 CMakeFiles/AD7606test.elf.dir/Drivers/STM32H7xx_HAL_Driver/Src/stm32h7xx_hal_tim.c.obj
                0x0800732c                TIM_OC2_SetConfig
 .text.HAL_TIM_OC_ConfigChannel
                0x080073c0       0x7a CMakeFiles/AD7606test.elf.dir/Drivers/STM32H7xx_HAL_Driver/Src/stm32h7xx_hal_tim.c.obj
                0x080073c0                HAL_TIM_OC_ConfigChannel
 *fill*         0x0800743a        0x2 
 .text.HAL_TIMEx_MasterConfigSynchronization
                0x0800743c       0xa0 CMakeFiles/AD7606test.elf.dir/Drivers/STM32H7xx_HAL_Driver/Src/stm32h7xx_hal_tim_ex.c.obj
                0x0800743c                HAL_TIMEx_MasterConfigSynchronization
 .text.HAL_TIMEx_CommutCallback
                0x080074dc        0x2 CMakeFiles/AD7606test.elf.dir/Drivers/STM32H7xx_HAL_Driver/Src/stm32h7xx_hal_tim_ex.c.obj
                0x080074dc                HAL_TIMEx_CommutCallback
 .text.HAL_TIMEx_BreakCallback
                0x080074de        0x2 CMakeFiles/AD7606test.elf.dir/Drivers/STM32H7xx_HAL_Driver/Src/stm32h7xx_hal_tim_ex.c.obj
                0x080074de                HAL_TIMEx_BreakCallback
 .text.HAL_TIMEx_Break2Callback
                0x080074e0        0x2 CMakeFiles/AD7606test.elf.dir/Drivers/STM32H7xx_HAL_Driver/Src/stm32h7xx_hal_tim_ex.c.obj
                0x080074e0                HAL_TIMEx_Break2Callback
 *fill*         0x080074e2        0x2 
 .text.UART_EndRxTransfer
                0x080074e4       0x58 CMakeFiles/AD7606test.elf.dir/Drivers/STM32H7xx_HAL_Driver/Src/stm32h7xx_hal_uart.c.obj
 .text.UART_SetConfig
                0x0800753c      0x5f4 CMakeFiles/AD7606test.elf.dir/Drivers/STM32H7xx_HAL_Driver/Src/stm32h7xx_hal_uart.c.obj
                0x0800753c                UART_SetConfig
 .text.UART_AdvFeatureConfig
                0x08007b30       0xca CMakeFiles/AD7606test.elf.dir/Drivers/STM32H7xx_HAL_Driver/Src/stm32h7xx_hal_uart.c.obj
                0x08007b30                UART_AdvFeatureConfig
 .text.UART_WaitOnFlagUntilTimeout
                0x08007bfa       0xaa CMakeFiles/AD7606test.elf.dir/Drivers/STM32H7xx_HAL_Driver/Src/stm32h7xx_hal_uart.c.obj
                0x08007bfa                UART_WaitOnFlagUntilTimeout
 .text.UART_CheckIdleState
                0x08007ca4       0xca CMakeFiles/AD7606test.elf.dir/Drivers/STM32H7xx_HAL_Driver/Src/stm32h7xx_hal_uart.c.obj
                0x08007ca4                UART_CheckIdleState
 .text.HAL_UART_Init
                0x08007d6e       0x66 CMakeFiles/AD7606test.elf.dir/Drivers/STM32H7xx_HAL_Driver/Src/stm32h7xx_hal_uart.c.obj
                0x08007d6e                HAL_UART_Init
 .text.UARTEx_SetNbDataToProcess
                0x08007dd4       0x4c CMakeFiles/AD7606test.elf.dir/Drivers/STM32H7xx_HAL_Driver/Src/stm32h7xx_hal_uart_ex.c.obj
 .text.HAL_UARTEx_DisableFifoMode
                0x08007e20       0x3e CMakeFiles/AD7606test.elf.dir/Drivers/STM32H7xx_HAL_Driver/Src/stm32h7xx_hal_uart_ex.c.obj
                0x08007e20                HAL_UARTEx_DisableFifoMode
 .text.HAL_UARTEx_SetTxFifoThreshold
                0x08007e5e       0x4a CMakeFiles/AD7606test.elf.dir/Drivers/STM32H7xx_HAL_Driver/Src/stm32h7xx_hal_uart_ex.c.obj
                0x08007e5e                HAL_UARTEx_SetTxFifoThreshold
 .text.HAL_UARTEx_SetRxFifoThreshold
                0x08007ea8       0x4a CMakeFiles/AD7606test.elf.dir/Drivers/STM32H7xx_HAL_Driver/Src/stm32h7xx_hal_uart_ex.c.obj
                0x08007ea8                HAL_UARTEx_SetRxFifoThreshold
 *fill*         0x08007ef2        0x2 
 .text.__errno  0x08007ef4        0xc c:/programdata/gcc-arm-none-eabi-10.3-2021.10/bin/../lib/gcc/arm-none-eabi/10.3.1/../../../../arm-none-eabi/lib/thumb/v7e-m/nofp\libg.a(lib_a-errno.o)
                0x08007ef4                __errno
 .text.__libc_init_array
                0x08007f00       0x48 c:/programdata/gcc-arm-none-eabi-10.3-2021.10/bin/../lib/gcc/arm-none-eabi/10.3.1/../../../../arm-none-eabi/lib/thumb/v7e-m/nofp\libg.a(lib_a-init.o)
                0x08007f00                __libc_init_array
 .text.malloc   0x08007f48       0x10 c:/programdata/gcc-arm-none-eabi-10.3-2021.10/bin/../lib/gcc/arm-none-eabi/10.3.1/../../../../arm-none-eabi/lib/thumb/v7e-m/nofp\libg.a(lib_a-malloc.o)
                0x08007f48                malloc
 .text._malloc_r
                0x08007f58      0x560 c:/programdata/gcc-arm-none-eabi-10.3-2021.10/bin/../lib/gcc/arm-none-eabi/10.3.1/../../../../arm-none-eabi/lib/thumb/v7e-m/nofp\libg.a(lib_a-mallocr.o)
                0x08007f58                _malloc_r
 .text.memset   0x080084b8       0xa4 c:/programdata/gcc-arm-none-eabi-10.3-2021.10/bin/../lib/gcc/arm-none-eabi/10.3.1/../../../../arm-none-eabi/lib/thumb/v7e-m/nofp\libg.a(lib_a-memset.o)
                0x080084b8                memset
 .text.__malloc_lock
                0x0800855c        0xc c:/programdata/gcc-arm-none-eabi-10.3-2021.10/bin/../lib/gcc/arm-none-eabi/10.3.1/../../../../arm-none-eabi/lib/thumb/v7e-m/nofp\libg.a(lib_a-mlock.o)
                0x0800855c                __malloc_lock
 .text.__malloc_unlock
                0x08008568        0xc c:/programdata/gcc-arm-none-eabi-10.3-2021.10/bin/../lib/gcc/arm-none-eabi/10.3.1/../../../../arm-none-eabi/lib/thumb/v7e-m/nofp\libg.a(lib_a-mlock.o)
                0x08008568                __malloc_unlock
 .text._sbrk_r  0x08008574       0x24 c:/programdata/gcc-arm-none-eabi-10.3-2021.10/bin/../lib/gcc/arm-none-eabi/10.3.1/../../../../arm-none-eabi/lib/thumb/v7e-m/nofp\libg.a(lib_a-sbrkr.o)
                0x08008574                _sbrk_r
 .text.sprintf  0x08008598       0x40 c:/programdata/gcc-arm-none-eabi-10.3-2021.10/bin/../lib/gcc/arm-none-eabi/10.3.1/../../../../arm-none-eabi/lib/thumb/v7e-m/nofp\libg.a(lib_a-sprintf.o)
                0x08008598                sprintf
 .text._svfprintf_r
                0x080085d8     0x1a3c c:/programdata/gcc-arm-none-eabi-10.3-2021.10/bin/../lib/gcc/arm-none-eabi/10.3.1/../../../../arm-none-eabi/lib/thumb/v7e-m/nofp\libg.a(lib_a-svfprintf.o)
                0x080085d8                _svfprintf_r
 .text.startup.register_fini
                0x0800a014       0x14 c:/programdata/gcc-arm-none-eabi-10.3-2021.10/bin/../lib/gcc/arm-none-eabi/10.3.1/../../../../arm-none-eabi/lib/thumb/v7e-m/nofp\libg.a(lib_a-__call_atexit.o)
 .text.atexit   0x0800a028        0xc c:/programdata/gcc-arm-none-eabi-10.3-2021.10/bin/../lib/gcc/arm-none-eabi/10.3.1/../../../../arm-none-eabi/lib/thumb/v7e-m/nofp\libg.a(lib_a-atexit.o)
                0x0800a028                atexit
 .text.quorem   0x0800a034      0x124 c:/programdata/gcc-arm-none-eabi-10.3-2021.10/bin/../lib/gcc/arm-none-eabi/10.3.1/../../../../arm-none-eabi/lib/thumb/v7e-m/nofp\libg.a(lib_a-dtoa.o)
 .text._dtoa_r  0x0800a158      0xec4 c:/programdata/gcc-arm-none-eabi-10.3-2021.10/bin/../lib/gcc/arm-none-eabi/10.3.1/../../../../arm-none-eabi/lib/thumb/v7e-m/nofp\libg.a(lib_a-dtoa.o)
                0x0800a158                _dtoa_r
 .text.__libc_fini_array
                0x0800b01c       0x2c c:/programdata/gcc-arm-none-eabi-10.3-2021.10/bin/../lib/gcc/arm-none-eabi/10.3.1/../../../../arm-none-eabi/lib/thumb/v7e-m/nofp\libg.a(lib_a-fini.o)
                0x0800b01c                __libc_fini_array
 .text._malloc_trim_r
                0x0800b048       0xa0 c:/programdata/gcc-arm-none-eabi-10.3-2021.10/bin/../lib/gcc/arm-none-eabi/10.3.1/../../../../arm-none-eabi/lib/thumb/v7e-m/nofp\libg.a(lib_a-freer.o)
                0x0800b048                _malloc_trim_r
 .text._free_r  0x0800b0e8      0x20c c:/programdata/gcc-arm-none-eabi-10.3-2021.10/bin/../lib/gcc/arm-none-eabi/10.3.1/../../../../arm-none-eabi/lib/thumb/v7e-m/nofp\libg.a(lib_a-freer.o)
                0x0800b0e8                _free_r
 .text._localeconv_r
                0x0800b2f4        0x8 c:/programdata/gcc-arm-none-eabi-10.3-2021.10/bin/../lib/gcc/arm-none-eabi/10.3.1/../../../../arm-none-eabi/lib/thumb/v7e-m/nofp\libg.a(lib_a-localeconv.o)
                0x0800b2f4                _localeconv_r
 .text.__retarget_lock_init_recursive
                0x0800b2fc        0x4 c:/programdata/gcc-arm-none-eabi-10.3-2021.10/bin/../lib/gcc/arm-none-eabi/10.3.1/../../../../arm-none-eabi/lib/thumb/v7e-m/nofp\libg.a(lib_a-lock.o)
                0x0800b2fc                __retarget_lock_init_recursive
 .text.__retarget_lock_close_recursive
                0x0800b300        0x4 c:/programdata/gcc-arm-none-eabi-10.3-2021.10/bin/../lib/gcc/arm-none-eabi/10.3.1/../../../../arm-none-eabi/lib/thumb/v7e-m/nofp\libg.a(lib_a-lock.o)
                0x0800b300                __retarget_lock_close_recursive
 .text.__retarget_lock_acquire_recursive
                0x0800b304        0x4 c:/programdata/gcc-arm-none-eabi-10.3-2021.10/bin/../lib/gcc/arm-none-eabi/10.3.1/../../../../arm-none-eabi/lib/thumb/v7e-m/nofp\libg.a(lib_a-lock.o)
                0x0800b304                __retarget_lock_acquire_recursive
 .text.__retarget_lock_release_recursive
                0x0800b308        0x4 c:/programdata/gcc-arm-none-eabi-10.3-2021.10/bin/../lib/gcc/arm-none-eabi/10.3.1/../../../../arm-none-eabi/lib/thumb/v7e-m/nofp\libg.a(lib_a-lock.o)
                0x0800b308                __retarget_lock_release_recursive
 .text._Balloc  0x0800b30c       0x4c c:/programdata/gcc-arm-none-eabi-10.3-2021.10/bin/../lib/gcc/arm-none-eabi/10.3.1/../../../../arm-none-eabi/lib/thumb/v7e-m/nofp\libg.a(lib_a-mprec.o)
                0x0800b30c                _Balloc
 .text._Bfree   0x0800b358       0x14 c:/programdata/gcc-arm-none-eabi-10.3-2021.10/bin/../lib/gcc/arm-none-eabi/10.3.1/../../../../arm-none-eabi/lib/thumb/v7e-m/nofp\libg.a(lib_a-mprec.o)
                0x0800b358                _Bfree
 .text.__multadd
                0x0800b36c       0xa0 c:/programdata/gcc-arm-none-eabi-10.3-2021.10/bin/../lib/gcc/arm-none-eabi/10.3.1/../../../../arm-none-eabi/lib/thumb/v7e-m/nofp\libg.a(lib_a-mprec.o)
                0x0800b36c                __multadd
 .text.__hi0bits
                0x0800b40c       0x40 c:/programdata/gcc-arm-none-eabi-10.3-2021.10/bin/../lib/gcc/arm-none-eabi/10.3.1/../../../../arm-none-eabi/lib/thumb/v7e-m/nofp\libg.a(lib_a-mprec.o)
                0x0800b40c                __hi0bits
 .text.__lo0bits
                0x0800b44c       0x5c c:/programdata/gcc-arm-none-eabi-10.3-2021.10/bin/../lib/gcc/arm-none-eabi/10.3.1/../../../../arm-none-eabi/lib/thumb/v7e-m/nofp\libg.a(lib_a-mprec.o)
                0x0800b44c                __lo0bits
 .text.__i2b    0x0800b4a8       0x5c c:/programdata/gcc-arm-none-eabi-10.3-2021.10/bin/../lib/gcc/arm-none-eabi/10.3.1/../../../../arm-none-eabi/lib/thumb/v7e-m/nofp\libg.a(lib_a-mprec.o)
                0x0800b4a8                __i2b
 .text.__multiply
                0x0800b504      0x15c c:/programdata/gcc-arm-none-eabi-10.3-2021.10/bin/../lib/gcc/arm-none-eabi/10.3.1/../../../../arm-none-eabi/lib/thumb/v7e-m/nofp\libg.a(lib_a-mprec.o)
                0x0800b504                __multiply
 .text.__pow5mult
                0x0800b660       0xc0 c:/programdata/gcc-arm-none-eabi-10.3-2021.10/bin/../lib/gcc/arm-none-eabi/10.3.1/../../../../arm-none-eabi/lib/thumb/v7e-m/nofp\libg.a(lib_a-mprec.o)
                0x0800b660                __pow5mult
 .text.__lshift
                0x0800b720       0xf0 c:/programdata/gcc-arm-none-eabi-10.3-2021.10/bin/../lib/gcc/arm-none-eabi/10.3.1/../../../../arm-none-eabi/lib/thumb/v7e-m/nofp\libg.a(lib_a-mprec.o)
                0x0800b720                __lshift
 .text.__mcmp   0x0800b810       0x40 c:/programdata/gcc-arm-none-eabi-10.3-2021.10/bin/../lib/gcc/arm-none-eabi/10.3.1/../../../../arm-none-eabi/lib/thumb/v7e-m/nofp\libg.a(lib_a-mprec.o)
                0x0800b810                __mcmp
 .text.__mdiff  0x0800b850      0x14c c:/programdata/gcc-arm-none-eabi-10.3-2021.10/bin/../lib/gcc/arm-none-eabi/10.3.1/../../../../arm-none-eabi/lib/thumb/v7e-m/nofp\libg.a(lib_a-mprec.o)
                0x0800b850                __mdiff
 .text.__d2b    0x0800b99c       0xc4 c:/programdata/gcc-arm-none-eabi-10.3-2021.10/bin/../lib/gcc/arm-none-eabi/10.3.1/../../../../arm-none-eabi/lib/thumb/v7e-m/nofp\libg.a(lib_a-mprec.o)
                0x0800b99c                __d2b
 .text.frexp    0x0800ba60       0x70 c:/programdata/gcc-arm-none-eabi-10.3-2021.10/bin/../lib/gcc/arm-none-eabi/10.3.1/../../../../arm-none-eabi/lib/thumb/v7e-m/nofp\libg.a(lib_a-s_frexp.o)
                0x0800ba60                frexp
 .text.strncpy  0x0800bad0       0x64 c:/programdata/gcc-arm-none-eabi-10.3-2021.10/bin/../lib/gcc/arm-none-eabi/10.3.1/../../../../arm-none-eabi/lib/thumb/v7e-m/nofp\libg.a(lib_a-strncpy.o)
                0x0800bad0                strncpy
 .text.__ssprint_r
                0x0800bb34       0xf8 c:/programdata/gcc-arm-none-eabi-10.3-2021.10/bin/../lib/gcc/arm-none-eabi/10.3.1/../../../../arm-none-eabi/lib/thumb/v7e-m/nofp\libg.a(lib_a-svfiprintf.o)
                0x0800bb34                __ssprint_r
 .text.__register_exitproc
                0x0800bc2c       0x8c c:/programdata/gcc-arm-none-eabi-10.3-2021.10/bin/../lib/gcc/arm-none-eabi/10.3.1/../../../../arm-none-eabi/lib/thumb/v7e-m/nofp\libg.a(lib_a-__atexit.o)
                0x0800bc2c                __register_exitproc
 .text.__assert_func
                0x0800bcb8       0x40 c:/programdata/gcc-arm-none-eabi-10.3-2021.10/bin/../lib/gcc/arm-none-eabi/10.3.1/../../../../arm-none-eabi/lib/thumb/v7e-m/nofp\libg.a(lib_a-assert.o)
                0x0800bcb8                __assert_func
 .text._calloc_r
                0x0800bcf8       0x78 c:/programdata/gcc-arm-none-eabi-10.3-2021.10/bin/../lib/gcc/arm-none-eabi/10.3.1/../../../../arm-none-eabi/lib/thumb/v7e-m/nofp\libg.a(lib_a-callocr.o)
                0x0800bcf8                _calloc_r
 .text.fiprintf
                0x0800bd70       0x28 c:/programdata/gcc-arm-none-eabi-10.3-2021.10/bin/../lib/gcc/arm-none-eabi/10.3.1/../../../../arm-none-eabi/lib/thumb/v7e-m/nofp\libg.a(lib_a-fiprintf.o)
                0x0800bd70                fiprintf
 .text.__locale_mb_cur_max
                0x0800bd98        0xc c:/programdata/gcc-arm-none-eabi-10.3-2021.10/bin/../lib/gcc/arm-none-eabi/10.3.1/../../../../arm-none-eabi/lib/thumb/v7e-m/nofp\libg.a(lib_a-locale.o)
                0x0800bd98                __locale_mb_cur_max
 .text.__ascii_mbtowc
                0x0800bda4       0x2c c:/programdata/gcc-arm-none-eabi-10.3-2021.10/bin/../lib/gcc/arm-none-eabi/10.3.1/../../../../arm-none-eabi/lib/thumb/v7e-m/nofp\libg.a(lib_a-mbtowc_r.o)
                0x0800bda4                __ascii_mbtowc
 .text.memmove  0x0800bdd0       0xf8 c:/programdata/gcc-arm-none-eabi-10.3-2021.10/bin/../lib/gcc/arm-none-eabi/10.3.1/../../../../arm-none-eabi/lib/thumb/v7e-m/nofp\libg.a(lib_a-memmove.o)
                0x0800bdd0                memmove
 .text._realloc_r
                0x0800bec8      0x3d8 c:/programdata/gcc-arm-none-eabi-10.3-2021.10/bin/../lib/gcc/arm-none-eabi/10.3.1/../../../../arm-none-eabi/lib/thumb/v7e-m/nofp\libg.a(lib_a-reallocr.o)
                0x0800bec8                _realloc_r
 .text.__sprint_r.part.0
                0x0800c2a0       0x78 c:/programdata/gcc-arm-none-eabi-10.3-2021.10/bin/../lib/gcc/arm-none-eabi/10.3.1/../../../../arm-none-eabi/lib/thumb/v7e-m/nofp\libg.a(lib_a-vfiprintf.o)
 .text._vfiprintf_r
                0x0800c318      0xda0 c:/programdata/gcc-arm-none-eabi-10.3-2021.10/bin/../lib/gcc/arm-none-eabi/10.3.1/../../../../arm-none-eabi/lib/thumb/v7e-m/nofp\libg.a(lib_a-vfiprintf.o)
                0x0800c318                _vfiprintf_r
 .text.__sbprintf
                0x0800d0b8       0x80 c:/programdata/gcc-arm-none-eabi-10.3-2021.10/bin/../lib/gcc/arm-none-eabi/10.3.1/../../../../arm-none-eabi/lib/thumb/v7e-m/nofp\libg.a(lib_a-vfiprintf.o)
 .text.__ascii_wctomb
                0x0800d138       0x1c c:/programdata/gcc-arm-none-eabi-10.3-2021.10/bin/../lib/gcc/arm-none-eabi/10.3.1/../../../../arm-none-eabi/lib/thumb/v7e-m/nofp\libg.a(lib_a-wctomb_r.o)
                0x0800d138                __ascii_wctomb
 .text.__swsetup_r
                0x0800d154       0xd4 c:/programdata/gcc-arm-none-eabi-10.3-2021.10/bin/../lib/gcc/arm-none-eabi/10.3.1/../../../../arm-none-eabi/lib/thumb/v7e-m/nofp\libg.a(lib_a-wsetup.o)
                0x0800d154                __swsetup_r
 .text.abort    0x0800d228       0x10 c:/programdata/gcc-arm-none-eabi-10.3-2021.10/bin/../lib/gcc/arm-none-eabi/10.3.1/../../../../arm-none-eabi/lib/thumb/v7e-m/nofp\libg.a(lib_a-abort.o)
                0x0800d228                abort
 .text.__sflush_r
                0x0800d238      0x120 c:/programdata/gcc-arm-none-eabi-10.3-2021.10/bin/../lib/gcc/arm-none-eabi/10.3.1/../../../../arm-none-eabi/lib/thumb/v7e-m/nofp\libg.a(lib_a-fflush.o)
                0x0800d238                __sflush_r
 .text._fflush_r
                0x0800d358       0x5c c:/programdata/gcc-arm-none-eabi-10.3-2021.10/bin/../lib/gcc/arm-none-eabi/10.3.1/../../../../arm-none-eabi/lib/thumb/v7e-m/nofp\libg.a(lib_a-fflush.o)
                0x0800d358                _fflush_r
 .text._cleanup_r
                0x0800d3b4        0xc c:/programdata/gcc-arm-none-eabi-10.3-2021.10/bin/../lib/gcc/arm-none-eabi/10.3.1/../../../../arm-none-eabi/lib/thumb/v7e-m/nofp\libg.a(lib_a-findfp.o)
                0x0800d3b4                _cleanup_r
 .text.__sinit  0x0800d3c0      0x10c c:/programdata/gcc-arm-none-eabi-10.3-2021.10/bin/../lib/gcc/arm-none-eabi/10.3.1/../../../../arm-none-eabi/lib/thumb/v7e-m/nofp\libg.a(lib_a-findfp.o)
                0x0800d3c0                __sinit
 .text.__sfp_lock_acquire
                0x0800d4cc        0xc c:/programdata/gcc-arm-none-eabi-10.3-2021.10/bin/../lib/gcc/arm-none-eabi/10.3.1/../../../../arm-none-eabi/lib/thumb/v7e-m/nofp\libg.a(lib_a-findfp.o)
                0x0800d4cc                __sfp_lock_acquire
 .text.__sfp_lock_release
                0x0800d4d8        0xc c:/programdata/gcc-arm-none-eabi-10.3-2021.10/bin/../lib/gcc/arm-none-eabi/10.3.1/../../../../arm-none-eabi/lib/thumb/v7e-m/nofp\libg.a(lib_a-findfp.o)
                0x0800d4d8                __sfp_lock_release
 .text.__fputwc
                0x0800d4e4       0xa8 c:/programdata/gcc-arm-none-eabi-10.3-2021.10/bin/../lib/gcc/arm-none-eabi/10.3.1/../../../../arm-none-eabi/lib/thumb/v7e-m/nofp\libg.a(lib_a-fputwc.o)
                0x0800d4e4                __fputwc
 .text._fputwc_r
                0x0800d58c       0x68 c:/programdata/gcc-arm-none-eabi-10.3-2021.10/bin/../lib/gcc/arm-none-eabi/10.3.1/../../../../arm-none-eabi/lib/thumb/v7e-m/nofp\libg.a(lib_a-fputwc.o)
                0x0800d58c                _fputwc_r
 .text.__sfvwrite_r
                0x0800d5f4      0x2e8 c:/programdata/gcc-arm-none-eabi-10.3-2021.10/bin/../lib/gcc/arm-none-eabi/10.3.1/../../../../arm-none-eabi/lib/thumb/v7e-m/nofp\libg.a(lib_a-fvwrite.o)
                0x0800d5f4                __sfvwrite_r
 .text._fwalk_reent
                0x0800d8dc       0x48 c:/programdata/gcc-arm-none-eabi-10.3-2021.10/bin/../lib/gcc/arm-none-eabi/10.3.1/../../../../arm-none-eabi/lib/thumb/v7e-m/nofp\libg.a(lib_a-fwalk.o)
                0x0800d8dc                _fwalk_reent
 .text.__smakebuf_r
                0x0800d924       0xe0 c:/programdata/gcc-arm-none-eabi-10.3-2021.10/bin/../lib/gcc/arm-none-eabi/10.3.1/../../../../arm-none-eabi/lib/thumb/v7e-m/nofp\libg.a(lib_a-makebuf.o)
                0x0800d924                __smakebuf_r
 .text.raise    0x0800da04       0x5c c:/programdata/gcc-arm-none-eabi-10.3-2021.10/bin/../lib/gcc/arm-none-eabi/10.3.1/../../../../arm-none-eabi/lib/thumb/v7e-m/nofp\libg.a(lib_a-signal.o)
                0x0800da04                raise
 .text._kill_r  0x0800da60       0x2c c:/programdata/gcc-arm-none-eabi-10.3-2021.10/bin/../lib/gcc/arm-none-eabi/10.3.1/../../../../arm-none-eabi/lib/thumb/v7e-m/nofp\libg.a(lib_a-signalr.o)
                0x0800da60                _kill_r
 .text._getpid_r
                0x0800da8c        0x4 c:/programdata/gcc-arm-none-eabi-10.3-2021.10/bin/../lib/gcc/arm-none-eabi/10.3.1/../../../../arm-none-eabi/lib/thumb/v7e-m/nofp\libg.a(lib_a-signalr.o)
                0x0800da8c                _getpid_r
 .text.__sread  0x0800da90       0x24 c:/programdata/gcc-arm-none-eabi-10.3-2021.10/bin/../lib/gcc/arm-none-eabi/10.3.1/../../../../arm-none-eabi/lib/thumb/v7e-m/nofp\libg.a(lib_a-stdio.o)
                0x0800da90                __sread
 .text.__swrite
                0x0800dab4       0x40 c:/programdata/gcc-arm-none-eabi-10.3-2021.10/bin/../lib/gcc/arm-none-eabi/10.3.1/../../../../arm-none-eabi/lib/thumb/v7e-m/nofp\libg.a(lib_a-stdio.o)
                0x0800dab4                __swrite
 .text.__sseek  0x0800daf4       0x20 c:/programdata/gcc-arm-none-eabi-10.3-2021.10/bin/../lib/gcc/arm-none-eabi/10.3.1/../../../../arm-none-eabi/lib/thumb/v7e-m/nofp\libg.a(lib_a-stdio.o)
                0x0800daf4                __sseek
 .text.__sclose
                0x0800db14        0x8 c:/programdata/gcc-arm-none-eabi-10.3-2021.10/bin/../lib/gcc/arm-none-eabi/10.3.1/../../../../arm-none-eabi/lib/thumb/v7e-m/nofp\libg.a(lib_a-stdio.o)
                0x0800db14                __sclose
 .text.__swbuf_r
                0x0800db1c       0xb0 c:/programdata/gcc-arm-none-eabi-10.3-2021.10/bin/../lib/gcc/arm-none-eabi/10.3.1/../../../../arm-none-eabi/lib/thumb/v7e-m/nofp\libg.a(lib_a-wbuf.o)
                0x0800db1c                __swbuf_r
 .text._wcrtomb_r
                0x0800dbcc       0x3c c:/programdata/gcc-arm-none-eabi-10.3-2021.10/bin/../lib/gcc/arm-none-eabi/10.3.1/../../../../arm-none-eabi/lib/thumb/v7e-m/nofp\libg.a(lib_a-wcrtomb.o)
                0x0800dbcc                _wcrtomb_r
 .text._write_r
                0x0800dc08       0x2c c:/programdata/gcc-arm-none-eabi-10.3-2021.10/bin/../lib/gcc/arm-none-eabi/10.3.1/../../../../arm-none-eabi/lib/thumb/v7e-m/nofp\libg.a(lib_a-writer.o)
                0x0800dc08                _write_r
 .text._close_r
                0x0800dc34       0x24 c:/programdata/gcc-arm-none-eabi-10.3-2021.10/bin/../lib/gcc/arm-none-eabi/10.3.1/../../../../arm-none-eabi/lib/thumb/v7e-m/nofp\libg.a(lib_a-closer.o)
                0x0800dc34                _close_r
 .text._fclose_r
                0x0800dc58       0xcc c:/programdata/gcc-arm-none-eabi-10.3-2021.10/bin/../lib/gcc/arm-none-eabi/10.3.1/../../../../arm-none-eabi/lib/thumb/v7e-m/nofp\libg.a(lib_a-fclose.o)
                0x0800dc58                _fclose_r
 .text._fstat_r
                0x0800dd24       0x2c c:/programdata/gcc-arm-none-eabi-10.3-2021.10/bin/../lib/gcc/arm-none-eabi/10.3.1/../../../../arm-none-eabi/lib/thumb/v7e-m/nofp\libg.a(lib_a-fstatr.o)
                0x0800dd24                _fstat_r
 .text._isatty_r
                0x0800dd50       0x24 c:/programdata/gcc-arm-none-eabi-10.3-2021.10/bin/../lib/gcc/arm-none-eabi/10.3.1/../../../../arm-none-eabi/lib/thumb/v7e-m/nofp\libg.a(lib_a-isattyr.o)
                0x0800dd50                _isatty_r
 .text._lseek_r
                0x0800dd74       0x2c c:/programdata/gcc-arm-none-eabi-10.3-2021.10/bin/../lib/gcc/arm-none-eabi/10.3.1/../../../../arm-none-eabi/lib/thumb/v7e-m/nofp\libg.a(lib_a-lseekr.o)
                0x0800dd74                _lseek_r
 .text._read_r  0x0800dda0       0x2c c:/programdata/gcc-arm-none-eabi-10.3-2021.10/bin/../lib/gcc/arm-none-eabi/10.3.1/../../../../arm-none-eabi/lib/thumb/v7e-m/nofp\libg.a(lib_a-readr.o)
                0x0800dda0                _read_r
 *(.glue_7)
 .glue_7        0x0800ddcc        0x0 linker stubs
 *(.glue_7t)
 .glue_7t       0x0800ddcc        0x0 linker stubs
 *(.eh_frame)
 .eh_frame      0x0800ddcc        0x0 c:/programdata/gcc-arm-none-eabi-10.3-2021.10/bin/../lib/gcc/arm-none-eabi/10.3.1/thumb/v7e-m/nofp/crtbegin.o
 *(.init)
 .init          0x0800ddcc        0x4 c:/programdata/gcc-arm-none-eabi-10.3-2021.10/bin/../lib/gcc/arm-none-eabi/10.3.1/thumb/v7e-m/nofp/crti.o
                0x0800ddcc                _init
 .init          0x0800ddd0        0x8 c:/programdata/gcc-arm-none-eabi-10.3-2021.10/bin/../lib/gcc/arm-none-eabi/10.3.1/thumb/v7e-m/nofp/crtn.o
 *(.fini)
 .fini          0x0800ddd8        0x4 c:/programdata/gcc-arm-none-eabi-10.3-2021.10/bin/../lib/gcc/arm-none-eabi/10.3.1/thumb/v7e-m/nofp/crti.o
                0x0800ddd8                _fini
 .fini          0x0800dddc        0x8 c:/programdata/gcc-arm-none-eabi-10.3-2021.10/bin/../lib/gcc/arm-none-eabi/10.3.1/thumb/v7e-m/nofp/crtn.o
                0x0800dde4                . = ALIGN (0x4)
                0x0800dde4                _etext = .

.vfp11_veneer   0x0800dde4        0x0
 .vfp11_veneer  0x0800dde4        0x0 linker stubs

.v4_bx          0x0800dde4        0x0
 .v4_bx         0x0800dde4        0x0 linker stubs

.iplt           0x0800dde4        0x0
 .iplt          0x0800dde4        0x0 c:/programdata/gcc-arm-none-eabi-10.3-2021.10/bin/../lib/gcc/arm-none-eabi/10.3.1/thumb/v7e-m/nofp/crtbegin.o

.rodata         0x0800dde8     0x1100
                0x0800dde8                . = ALIGN (0x4)
 *(.rodata)
 *(.rodata*)
 .rodata.afont12x6
                0x0800dde8        0x8 CMakeFiles/AD7606test.elf.dir/Core/Src/TFTc/font.c.obj
                0x0800dde8                afont12x6
 .rodata.afont16x8
                0x0800ddf0        0x8 CMakeFiles/AD7606test.elf.dir/Core/Src/TFTc/font.c.obj
                0x0800ddf0                afont16x8
 .rodata.afont8x6
                0x0800ddf8        0x8 CMakeFiles/AD7606test.elf.dir/Core/Src/TFTc/font.c.obj
                0x0800ddf8                afont8x6
 .rodata.ascii_12x6
                0x0800de00      0x474 CMakeFiles/AD7606test.elf.dir/Core/Src/TFTc/font.c.obj
                0x0800de00                ascii_12x6
 .rodata.ascii_16x8
                0x0800e274      0x5f0 CMakeFiles/AD7606test.elf.dir/Core/Src/TFTc/font.c.obj
                0x0800e274                ascii_16x8
 .rodata.ascii_8x6
                0x0800e864      0x228 CMakeFiles/AD7606test.elf.dir/Core/Src/TFTc/font.c.obj
                0x0800e864                ascii_8x6
 .rodata.main.str1.4
                0x0800ea8c       0x20 CMakeFiles/AD7606test.elf.dir/Core/Src/main.c.obj
 .rodata.D1CorePrescTable
                0x0800eaac       0x10 CMakeFiles/AD7606test.elf.dir/Core/Src/system_stm32h7xx.c.obj
                0x0800eaac                D1CorePrescTable
 .rodata.flagBitshiftOffset.0
                0x0800eabc        0x8 CMakeFiles/AD7606test.elf.dir/Drivers/STM32H7xx_HAL_Driver/Src/stm32h7xx_hal_dma.c.obj
 .rodata.UARTPrescTable
                0x0800eac4       0x18 CMakeFiles/AD7606test.elf.dir/Drivers/STM32H7xx_HAL_Driver/Src/stm32h7xx_hal_uart.c.obj
                0x0800eac4                UARTPrescTable
 .rodata.denominator.0
                0x0800eadc        0x8 CMakeFiles/AD7606test.elf.dir/Drivers/STM32H7xx_HAL_Driver/Src/stm32h7xx_hal_uart_ex.c.obj
 .rodata.numerator.1
                0x0800eae4        0x8 CMakeFiles/AD7606test.elf.dir/Drivers/STM32H7xx_HAL_Driver/Src/stm32h7xx_hal_uart_ex.c.obj
 .rodata._global_impure_ptr
                0x0800eaec        0x4 c:/programdata/gcc-arm-none-eabi-10.3-2021.10/bin/../lib/gcc/arm-none-eabi/10.3.1/../../../../arm-none-eabi/lib/thumb/v7e-m/nofp\libg.a(lib_a-impure.o)
                0x0800eaec                _global_impure_ptr
 .rodata._svfprintf_r.str1.4
                0x0800eaf0       0x42 c:/programdata/gcc-arm-none-eabi-10.3-2021.10/bin/../lib/gcc/arm-none-eabi/10.3.1/../../../../arm-none-eabi/lib/thumb/v7e-m/nofp\libg.a(lib_a-svfprintf.o)
 *fill*         0x0800eb32        0x2 
 .rodata.blanks.1
                0x0800eb34       0x10 c:/programdata/gcc-arm-none-eabi-10.3-2021.10/bin/../lib/gcc/arm-none-eabi/10.3.1/../../../../arm-none-eabi/lib/thumb/v7e-m/nofp\libg.a(lib_a-svfprintf.o)
 .rodata.zeroes.0
                0x0800eb44       0x10 c:/programdata/gcc-arm-none-eabi-10.3-2021.10/bin/../lib/gcc/arm-none-eabi/10.3.1/../../../../arm-none-eabi/lib/thumb/v7e-m/nofp\libg.a(lib_a-svfprintf.o)
 .rodata._dtoa_r.str1.4
                0x0800eb54       0xa2 c:/programdata/gcc-arm-none-eabi-10.3-2021.10/bin/../lib/gcc/arm-none-eabi/10.3.1/../../../../arm-none-eabi/lib/thumb/v7e-m/nofp\libg.a(lib_a-dtoa.o)
                                 0xa6 (size before relaxing)
 *fill*         0x0800ebf6        0x2 
 .rodata.__multadd.str1.4
                0x0800ebf8       0x7f c:/programdata/gcc-arm-none-eabi-10.3-2021.10/bin/../lib/gcc/arm-none-eabi/10.3.1/../../../../arm-none-eabi/lib/thumb/v7e-m/nofp\libg.a(lib_a-mprec.o)
                                 0x93 (size before relaxing)
 *fill*         0x0800ec77        0x1 
 .rodata.__mprec_bigtens
                0x0800ec78       0x28 c:/programdata/gcc-arm-none-eabi-10.3-2021.10/bin/../lib/gcc/arm-none-eabi/10.3.1/../../../../arm-none-eabi/lib/thumb/v7e-m/nofp\libg.a(lib_a-mprec.o)
                0x0800ec78                __mprec_bigtens
 .rodata.__mprec_tens
                0x0800eca0       0xc8 c:/programdata/gcc-arm-none-eabi-10.3-2021.10/bin/../lib/gcc/arm-none-eabi/10.3.1/../../../../arm-none-eabi/lib/thumb/v7e-m/nofp\libg.a(lib_a-mprec.o)
                0x0800eca0                __mprec_tens
 .rodata.p05.0  0x0800ed68        0xc c:/programdata/gcc-arm-none-eabi-10.3-2021.10/bin/../lib/gcc/arm-none-eabi/10.3.1/../../../../arm-none-eabi/lib/thumb/v7e-m/nofp\libg.a(lib_a-mprec.o)
 .rodata.__assert_func.str1.4
                0x0800ed74       0x3f c:/programdata/gcc-arm-none-eabi-10.3-2021.10/bin/../lib/gcc/arm-none-eabi/10.3.1/../../../../arm-none-eabi/lib/thumb/v7e-m/nofp\libg.a(lib_a-assert.o)
                                 0x43 (size before relaxing)
 *fill*         0x0800edb3        0x1 
 .rodata._setlocale_r.str1.4
                0x0800edb4        0xa c:/programdata/gcc-arm-none-eabi-10.3-2021.10/bin/../lib/gcc/arm-none-eabi/10.3.1/../../../../arm-none-eabi/lib/thumb/v7e-m/nofp\libg.a(lib_a-locale.o)
                                  0xd (size before relaxing)
 *fill*         0x0800edbe        0x2 
 .rodata.str1.4
                0x0800edc0        0x2 c:/programdata/gcc-arm-none-eabi-10.3-2021.10/bin/../lib/gcc/arm-none-eabi/10.3.1/../../../../arm-none-eabi/lib/thumb/v7e-m/nofp\libg.a(lib_a-locale.o)
 .rodata._vfiprintf_r.str1.4
                0x0800edc2       0x2f c:/programdata/gcc-arm-none-eabi-10.3-2021.10/bin/../lib/gcc/arm-none-eabi/10.3.1/../../../../arm-none-eabi/lib/thumb/v7e-m/nofp\libg.a(lib_a-vfiprintf.o)
 *fill*         0x0800edc2        0x2 
 .rodata.blanks.1
                0x0800edc4       0x10 c:/programdata/gcc-arm-none-eabi-10.3-2021.10/bin/../lib/gcc/arm-none-eabi/10.3.1/../../../../arm-none-eabi/lib/thumb/v7e-m/nofp\libg.a(lib_a-vfiprintf.o)
 .rodata.zeroes.0
                0x0800edd4       0x10 c:/programdata/gcc-arm-none-eabi-10.3-2021.10/bin/../lib/gcc/arm-none-eabi/10.3.1/../../../../arm-none-eabi/lib/thumb/v7e-m/nofp\libg.a(lib_a-vfiprintf.o)
 .rodata._ctype_
                0x0800ede4      0x101 c:/programdata/gcc-arm-none-eabi-10.3-2021.10/bin/../lib/gcc/arm-none-eabi/10.3.1/../../../../arm-none-eabi/lib/thumb/v7e-m/nofp\libg.a(lib_a-ctype_.o)
                0x0800ede4                _ctype_
                0x0800eee8                . = ALIGN (0x4)
 *fill*         0x0800eee5        0x3 

.ARM.extab
 *(.ARM.extab* .gnu.linkonce.armextab.*)

.ARM            0x0800eee8        0x8
                0x0800eee8                __exidx_start = .
 *(.ARM.exidx*)
 .ARM.exidx     0x0800eee8        0x8 c:/programdata/gcc-arm-none-eabi-10.3-2021.10/bin/../lib/gcc/arm-none-eabi/10.3.1/thumb/v7e-m/nofp\libgcc.a(_udivmoddi4.o)
                0x0800eef0                __exidx_end = .

.rel.dyn        0x0800eef0        0x0
 .rel.iplt      0x0800eef0        0x0 c:/programdata/gcc-arm-none-eabi-10.3-2021.10/bin/../lib/gcc/arm-none-eabi/10.3.1/thumb/v7e-m/nofp/crtbegin.o

.preinit_array  0x0800eef0        0x0
                0x0800eef0                PROVIDE (__preinit_array_start = .)
 *(.preinit_array*)
                0x0800eef0                PROVIDE (__preinit_array_end = .)

.init_array     0x0800eef0        0x8
                0x0800eef0                PROVIDE (__init_array_start = .)
 *(SORT_BY_NAME(.init_array.*))
 .init_array.00000
                0x0800eef0        0x4 c:/programdata/gcc-arm-none-eabi-10.3-2021.10/bin/../lib/gcc/arm-none-eabi/10.3.1/../../../../arm-none-eabi/lib/thumb/v7e-m/nofp\libg.a(lib_a-__call_atexit.o)
 *(.init_array*)
 .init_array    0x0800eef4        0x4 c:/programdata/gcc-arm-none-eabi-10.3-2021.10/bin/../lib/gcc/arm-none-eabi/10.3.1/thumb/v7e-m/nofp/crtbegin.o
                0x0800eef8                PROVIDE (__init_array_end = .)

.fini_array     0x0800eef8        0x4
                0x0800eef8                PROVIDE (__fini_array_start = .)
 *(SORT_BY_NAME(.fini_array.*))
 *(.fini_array*)
 .fini_array    0x0800eef8        0x4 c:/programdata/gcc-arm-none-eabi-10.3-2021.10/bin/../lib/gcc/arm-none-eabi/10.3.1/thumb/v7e-m/nofp/crtbegin.o
                0x0800eefc                PROVIDE (__fini_array_end = .)
                0x0800eefc                _sidata = LOADADDR (.data)

.data           0x24000000      0x9c0 load address 0x0800eefc
                0x24000000                . = ALIGN (0x4)
                0x24000000                _sdata = .
 *(.data)
 *(.data*)
 .data.SystemCoreClock
                0x24000000        0x4 CMakeFiles/AD7606test.elf.dir/Core/Src/system_stm32h7xx.c.obj
                0x24000000                SystemCoreClock
 .data.SystemD2Clock
                0x24000004        0x4 CMakeFiles/AD7606test.elf.dir/Core/Src/system_stm32h7xx.c.obj
                0x24000004                SystemD2Clock
 .data.uwTickFreq
                0x24000008        0x1 CMakeFiles/AD7606test.elf.dir/Drivers/STM32H7xx_HAL_Driver/Src/stm32h7xx_hal.c.obj
                0x24000008                uwTickFreq
 *fill*         0x24000009        0x3 
 .data.uwTickPrio
                0x2400000c        0x4 CMakeFiles/AD7606test.elf.dir/Drivers/STM32H7xx_HAL_Driver/Src/stm32h7xx_hal.c.obj
                0x2400000c                uwTickPrio
 .data._impure_ptr
                0x24000010        0x4 c:/programdata/gcc-arm-none-eabi-10.3-2021.10/bin/../lib/gcc/arm-none-eabi/10.3.1/../../../../arm-none-eabi/lib/thumb/v7e-m/nofp\libg.a(lib_a-impure.o)
                0x24000010                _impure_ptr
 *fill*         0x24000014        0x4 
 .data.impure_data
                0x24000018      0x428 c:/programdata/gcc-arm-none-eabi-10.3-2021.10/bin/../lib/gcc/arm-none-eabi/10.3.1/../../../../arm-none-eabi/lib/thumb/v7e-m/nofp\libg.a(lib_a-impure.o)
 .data.__malloc_av_
                0x24000440      0x408 c:/programdata/gcc-arm-none-eabi-10.3-2021.10/bin/../lib/gcc/arm-none-eabi/10.3.1/../../../../arm-none-eabi/lib/thumb/v7e-m/nofp\libg.a(lib_a-mallocr.o)
                0x24000440                __malloc_av_
 .data.__malloc_sbrk_base
                0x24000848        0x4 c:/programdata/gcc-arm-none-eabi-10.3-2021.10/bin/../lib/gcc/arm-none-eabi/10.3.1/../../../../arm-none-eabi/lib/thumb/v7e-m/nofp\libg.a(lib_a-mallocr.o)
                0x24000848                __malloc_sbrk_base
 .data.__malloc_trim_threshold
                0x2400084c        0x4 c:/programdata/gcc-arm-none-eabi-10.3-2021.10/bin/../lib/gcc/arm-none-eabi/10.3.1/../../../../arm-none-eabi/lib/thumb/v7e-m/nofp\libg.a(lib_a-mallocr.o)
                0x2400084c                __malloc_trim_threshold
 .data.__atexit_recursive_mutex
                0x24000850        0x4 c:/programdata/gcc-arm-none-eabi-10.3-2021.10/bin/../lib/gcc/arm-none-eabi/10.3.1/../../../../arm-none-eabi/lib/thumb/v7e-m/nofp\libg.a(lib_a-__call_atexit.o)
                0x24000850                __atexit_recursive_mutex
 .data.__global_locale
                0x24000854      0x16c c:/programdata/gcc-arm-none-eabi-10.3-2021.10/bin/../lib/gcc/arm-none-eabi/10.3.1/../../../../arm-none-eabi/lib/thumb/v7e-m/nofp\libg.a(lib_a-locale.o)
                0x24000854                __global_locale
 *(.RamFunc)
 *(.RamFunc*)
                0x240009c0                . = ALIGN (0x4)
                0x240009c0                _edata = .

.igot.plt       0x240009c0        0x0 load address 0x0800f8bc
 .igot.plt      0x240009c0        0x0 c:/programdata/gcc-arm-none-eabi-10.3-2021.10/bin/../lib/gcc/arm-none-eabi/10.3.1/thumb/v7e-m/nofp/crtbegin.o
                0x240009c0                . = ALIGN (0x4)

.bss            0x240009c0      0x380 load address 0x0800f8bc
                0x240009c0                _sbss = .
                0x240009c0                __bss_start__ = _sbss
 *(.bss)
 .bss           0x240009c0       0x1c c:/programdata/gcc-arm-none-eabi-10.3-2021.10/bin/../lib/gcc/arm-none-eabi/10.3.1/thumb/v7e-m/nofp/crtbegin.o
 *(.bss*)
 .bss.g_tft_handles
                0x240009dc       0x10 CMakeFiles/AD7606test.elf.dir/Core/Src/TFTc/TFT_io.c.obj
 .bss.htft1     0x240009ec       0x34 CMakeFiles/AD7606test.elf.dir/Core/Src/main.c.obj
                0x240009ec                htft1
 .bss.str1      0x24000a20       0x32 CMakeFiles/AD7606test.elf.dir/Core/Src/main.c.obj
                0x24000a20                str1
 *fill*         0x24000a52        0x2 
 .bss.str2      0x24000a54       0x32 CMakeFiles/AD7606test.elf.dir/Core/Src/main.c.obj
                0x24000a54                str2
 *fill*         0x24000a86        0x2 
 .bss.hdma_spi3_rx
                0x24000a88       0x78 CMakeFiles/AD7606test.elf.dir/Core/Src/spi.c.obj
                0x24000a88                hdma_spi3_rx
 .bss.hspi2     0x24000b00       0x88 CMakeFiles/AD7606test.elf.dir/Core/Src/spi.c.obj
                0x24000b00                hspi2
 .bss.hspi3     0x24000b88       0x88 CMakeFiles/AD7606test.elf.dir/Core/Src/spi.c.obj
                0x24000b88                hspi3
 .bss.__sbrk_heap_end
                0x24000c10        0x4 CMakeFiles/AD7606test.elf.dir/Core/Src/sysmem.c.obj
 .bss.htim4     0x24000c14       0x4c CMakeFiles/AD7606test.elf.dir/Core/Src/tim.c.obj
                0x24000c14                htim4
 .bss.huart1    0x24000c60       0x94 CMakeFiles/AD7606test.elf.dir/Core/Src/usart.c.obj
                0x24000c60                huart1
 .bss.uwTick    0x24000cf4        0x4 CMakeFiles/AD7606test.elf.dir/Drivers/STM32H7xx_HAL_Driver/Src/stm32h7xx_hal.c.obj
                0x24000cf4                uwTick
 .bss.__malloc_current_mallinfo
                0x24000cf8       0x28 c:/programdata/gcc-arm-none-eabi-10.3-2021.10/bin/../lib/gcc/arm-none-eabi/10.3.1/../../../../arm-none-eabi/lib/thumb/v7e-m/nofp\libg.a(lib_a-mallocr.o)
                0x24000cf8                __malloc_current_mallinfo
 .bss.__malloc_max_sbrked_mem
                0x24000d20        0x4 c:/programdata/gcc-arm-none-eabi-10.3-2021.10/bin/../lib/gcc/arm-none-eabi/10.3.1/../../../../arm-none-eabi/lib/thumb/v7e-m/nofp\libg.a(lib_a-mallocr.o)
                0x24000d20                __malloc_max_sbrked_mem
 .bss.__malloc_max_total_mem
                0x24000d24        0x4 c:/programdata/gcc-arm-none-eabi-10.3-2021.10/bin/../lib/gcc/arm-none-eabi/10.3.1/../../../../arm-none-eabi/lib/thumb/v7e-m/nofp\libg.a(lib_a-mallocr.o)
                0x24000d24                __malloc_max_total_mem
 .bss.__malloc_top_pad
                0x24000d28        0x4 c:/programdata/gcc-arm-none-eabi-10.3-2021.10/bin/../lib/gcc/arm-none-eabi/10.3.1/../../../../arm-none-eabi/lib/thumb/v7e-m/nofp\libg.a(lib_a-mallocr.o)
                0x24000d28                __malloc_top_pad
 .bss.__lock___atexit_recursive_mutex
                0x24000d2c        0x1 c:/programdata/gcc-arm-none-eabi-10.3-2021.10/bin/../lib/gcc/arm-none-eabi/10.3.1/../../../../arm-none-eabi/lib/thumb/v7e-m/nofp\libg.a(lib_a-lock.o)
                0x24000d2c                __lock___atexit_recursive_mutex
 *fill*         0x24000d2d        0x3 
 .bss.__lock___malloc_recursive_mutex
                0x24000d30        0x1 c:/programdata/gcc-arm-none-eabi-10.3-2021.10/bin/../lib/gcc/arm-none-eabi/10.3.1/../../../../arm-none-eabi/lib/thumb/v7e-m/nofp\libg.a(lib_a-lock.o)
                0x24000d30                __lock___malloc_recursive_mutex
 *fill*         0x24000d31        0x3 
 .bss.__lock___sfp_recursive_mutex
                0x24000d34        0x1 c:/programdata/gcc-arm-none-eabi-10.3-2021.10/bin/../lib/gcc/arm-none-eabi/10.3.1/../../../../arm-none-eabi/lib/thumb/v7e-m/nofp\libg.a(lib_a-lock.o)
                0x24000d34                __lock___sfp_recursive_mutex
 *fill*         0x24000d35        0x3 
 .bss.__lock___sinit_recursive_mutex
                0x24000d38        0x1 c:/programdata/gcc-arm-none-eabi-10.3-2021.10/bin/../lib/gcc/arm-none-eabi/10.3.1/../../../../arm-none-eabi/lib/thumb/v7e-m/nofp\libg.a(lib_a-lock.o)
                0x24000d38                __lock___sinit_recursive_mutex
 *fill*         0x24000d39        0x3 
 .bss.errno     0x24000d3c        0x4 c:/programdata/gcc-arm-none-eabi-10.3-2021.10/bin/../lib/gcc/arm-none-eabi/10.3.1/../../../../arm-none-eabi/lib/thumb/v7e-m/nofp\libg.a(lib_a-reent.o)
                0x24000d3c                errno
 *(COMMON)
                0x24000d40                . = ALIGN (0x4)
                0x24000d40                _ebss = .
                0x24000d40                __bss_end__ = _ebss

._user_heap_stack
                0x24000d40      0x600 load address 0x0800f8bc
                0x24000d40                . = ALIGN (0x8)
                [!provide]                PROVIDE (end = .)
                0x24000d40                PROVIDE (_end = .)
                0x24000f40                . = (. + _Min_Heap_Size)
 *fill*         0x24000d40      0x200 
                0x24001340                . = (. + _Min_Stack_Size)
 *fill*         0x24000f40      0x400 
                0x24001340                . = ALIGN (0x8)

/DISCARD/
 libc.a(*)
 libm.a(*)
 libgcc.a(*)

.ARM.attributes
                0x00000000       0x2a
 *(.ARM.attributes)
 .ARM.attributes
                0x00000000       0x1e c:/programdata/gcc-arm-none-eabi-10.3-2021.10/bin/../lib/gcc/arm-none-eabi/10.3.1/thumb/v7e-m/nofp/crti.o
 .ARM.attributes
                0x0000001e       0x2e c:/programdata/gcc-arm-none-eabi-10.3-2021.10/bin/../lib/gcc/arm-none-eabi/10.3.1/thumb/v7e-m/nofp/crtbegin.o
 .ARM.attributes
                0x0000004c       0x2e CMakeFiles/AD7606test.elf.dir/Core/Src/TFTc/TFT_CAD.c.obj
 .ARM.attributes
                0x0000007a       0x2e CMakeFiles/AD7606test.elf.dir/Core/Src/TFTc/TFT_init.c.obj
 .ARM.attributes
                0x000000a8       0x2e CMakeFiles/AD7606test.elf.dir/Core/Src/TFTc/TFT_io.c.obj
 .ARM.attributes
                0x000000d6       0x2e CMakeFiles/AD7606test.elf.dir/Core/Src/TFTc/TFT_text.c.obj
 .ARM.attributes
                0x00000104       0x2e CMakeFiles/AD7606test.elf.dir/Core/Src/TFTc/font.c.obj
 .ARM.attributes
                0x00000132       0x2e CMakeFiles/AD7606test.elf.dir/Core/Src/dma.c.obj
 .ARM.attributes
                0x00000160       0x2e CMakeFiles/AD7606test.elf.dir/Core/Src/gpio.c.obj
 .ARM.attributes
                0x0000018e       0x2e CMakeFiles/AD7606test.elf.dir/Core/Src/main.c.obj
 .ARM.attributes
                0x000001bc       0x2e CMakeFiles/AD7606test.elf.dir/Core/Src/spi.c.obj
 .ARM.attributes
                0x000001ea       0x2e CMakeFiles/AD7606test.elf.dir/Core/Src/stm32h7xx_hal_msp.c.obj
 .ARM.attributes
                0x00000218       0x2e CMakeFiles/AD7606test.elf.dir/Core/Src/stm32h7xx_it.c.obj
 .ARM.attributes
                0x00000246       0x2e CMakeFiles/AD7606test.elf.dir/Core/Src/syscalls.c.obj
 .ARM.attributes
                0x00000274       0x2e CMakeFiles/AD7606test.elf.dir/Core/Src/sysmem.c.obj
 .ARM.attributes
                0x000002a2       0x2e CMakeFiles/AD7606test.elf.dir/Core/Src/system_stm32h7xx.c.obj
 .ARM.attributes
                0x000002d0       0x2e CMakeFiles/AD7606test.elf.dir/Core/Src/tdc.c.obj
 .ARM.attributes
                0x000002fe       0x2e CMakeFiles/AD7606test.elf.dir/Core/Src/tim.c.obj
 .ARM.attributes
                0x0000032c       0x2e CMakeFiles/AD7606test.elf.dir/Core/Src/usart.c.obj
 .ARM.attributes
                0x0000035a       0x21 CMakeFiles/AD7606test.elf.dir/Core/Startup/startup_stm32h743vitx.s.obj
 .ARM.attributes
                0x0000037b       0x2e CMakeFiles/AD7606test.elf.dir/Drivers/STM32H7xx_HAL_Driver/Src/stm32h7xx_hal.c.obj
 .ARM.attributes
                0x000003a9       0x2e CMakeFiles/AD7606test.elf.dir/Drivers/STM32H7xx_HAL_Driver/Src/stm32h7xx_hal_cortex.c.obj
 .ARM.attributes
                0x000003d7       0x2e CMakeFiles/AD7606test.elf.dir/Drivers/STM32H7xx_HAL_Driver/Src/stm32h7xx_hal_dma.c.obj
 .ARM.attributes
                0x00000405       0x2e CMakeFiles/AD7606test.elf.dir/Drivers/STM32H7xx_HAL_Driver/Src/stm32h7xx_hal_gpio.c.obj
 .ARM.attributes
                0x00000433       0x2e CMakeFiles/AD7606test.elf.dir/Drivers/STM32H7xx_HAL_Driver/Src/stm32h7xx_hal_pwr_ex.c.obj
 .ARM.attributes
                0x00000461       0x2e CMakeFiles/AD7606test.elf.dir/Drivers/STM32H7xx_HAL_Driver/Src/stm32h7xx_hal_rcc.c.obj
 .ARM.attributes
                0x0000048f       0x2e CMakeFiles/AD7606test.elf.dir/Drivers/STM32H7xx_HAL_Driver/Src/stm32h7xx_hal_rcc_ex.c.obj
 .ARM.attributes
                0x000004bd       0x2e CMakeFiles/AD7606test.elf.dir/Drivers/STM32H7xx_HAL_Driver/Src/stm32h7xx_hal_spi.c.obj
 .ARM.attributes
                0x000004eb       0x2e CMakeFiles/AD7606test.elf.dir/Drivers/STM32H7xx_HAL_Driver/Src/stm32h7xx_hal_tim.c.obj
 .ARM.attributes
                0x00000519       0x2e CMakeFiles/AD7606test.elf.dir/Drivers/STM32H7xx_HAL_Driver/Src/stm32h7xx_hal_tim_ex.c.obj
 .ARM.attributes
                0x00000547       0x2e CMakeFiles/AD7606test.elf.dir/Drivers/STM32H7xx_HAL_Driver/Src/stm32h7xx_hal_uart.c.obj
 .ARM.attributes
                0x00000575       0x2e CMakeFiles/AD7606test.elf.dir/Drivers/STM32H7xx_HAL_Driver/Src/stm32h7xx_hal_uart_ex.c.obj
 .ARM.attributes
                0x000005a3       0x1e c:/programdata/gcc-arm-none-eabi-10.3-2021.10/bin/../lib/gcc/arm-none-eabi/10.3.1/thumb/v7e-m/nofp\libgcc.a(_arm_addsubdf3.o)
 .ARM.attributes
                0x000005c1       0x1e c:/programdata/gcc-arm-none-eabi-10.3-2021.10/bin/../lib/gcc/arm-none-eabi/10.3.1/thumb/v7e-m/nofp\libgcc.a(_arm_muldivdf3.o)
 .ARM.attributes
                0x000005df       0x1e c:/programdata/gcc-arm-none-eabi-10.3-2021.10/bin/../lib/gcc/arm-none-eabi/10.3.1/thumb/v7e-m/nofp\libgcc.a(_arm_truncdfsf2.o)
 .ARM.attributes
                0x000005fd       0x1e c:/programdata/gcc-arm-none-eabi-10.3-2021.10/bin/../lib/gcc/arm-none-eabi/10.3.1/thumb/v7e-m/nofp\libgcc.a(_arm_addsubsf3.o)
 .ARM.attributes
                0x0000061b       0x1e c:/programdata/gcc-arm-none-eabi-10.3-2021.10/bin/../lib/gcc/arm-none-eabi/10.3.1/thumb/v7e-m/nofp\libgcc.a(_arm_muldivsf3.o)
 .ARM.attributes
                0x00000639       0x1e c:/programdata/gcc-arm-none-eabi-10.3-2021.10/bin/../lib/gcc/arm-none-eabi/10.3.1/thumb/v7e-m/nofp\libgcc.a(_arm_fixunssfsi.o)
 .ARM.attributes
                0x00000657       0x1e c:/programdata/gcc-arm-none-eabi-10.3-2021.10/bin/../lib/gcc/arm-none-eabi/10.3.1/thumb/v7e-m/nofp\libgcc.a(_aeabi_uldivmod.o)
 .ARM.attributes
                0x00000675       0x2e c:/programdata/gcc-arm-none-eabi-10.3-2021.10/bin/../lib/gcc/arm-none-eabi/10.3.1/thumb/v7e-m/nofp\libgcc.a(_udivmoddi4.o)
 .ARM.attributes
                0x000006a3       0x1e c:/programdata/gcc-arm-none-eabi-10.3-2021.10/bin/../lib/gcc/arm-none-eabi/10.3.1/thumb/v7e-m/nofp\libgcc.a(_dvmd_tls.o)
 .ARM.attributes
                0x000006c1       0x2e c:/programdata/gcc-arm-none-eabi-10.3-2021.10/bin/../lib/gcc/arm-none-eabi/10.3.1/../../../../arm-none-eabi/lib/thumb/v7e-m/nofp\libg.a(lib_a-errno.o)
 .ARM.attributes
                0x000006ef       0x2e c:/programdata/gcc-arm-none-eabi-10.3-2021.10/bin/../lib/gcc/arm-none-eabi/10.3.1/../../../../arm-none-eabi/lib/thumb/v7e-m/nofp\libg.a(lib_a-impure.o)
 .ARM.attributes
                0x0000071d       0x2e c:/programdata/gcc-arm-none-eabi-10.3-2021.10/bin/../lib/gcc/arm-none-eabi/10.3.1/../../../../arm-none-eabi/lib/thumb/v7e-m/nofp\libg.a(lib_a-init.o)
 .ARM.attributes